ARM Linker, 4.1 [Build 894] [Standard]

==============================================================================

Section Cross References

    system_lpc17xx.o(i.SystemCoreClockUpdate) refers to system_lpc17xx.o(.data) for .data
    startup_lpc17xx.o(RESET) refers to startup_lpc17xx.o(STACK) for __initial_sp
    startup_lpc17xx.o(RESET) refers to startup_lpc17xx.o(.text) for Reset_Handler
    startup_lpc17xx.o(RESET) refers to os_cpu_a.o(OSKernelschedular) for PendSV_Handler
    startup_lpc17xx.o(RESET) refers to os_cpu_c.o(i.SysTick_Handler) for SysTick_Handler
    startup_lpc17xx.o(.text) refers to system_lpc17xx.o(i.SystemInit) for SystemInit
    startup_lpc17xx.o(.text) refers to entry.o(.ARM.Collect$$$$00000000) for __main
    main.o(i.AppTaskStart) refers to os_task.o(i.OSTaskDel) for OSTaskDel
    main.o(i.c_entry) refers to os_core.o(i.OSInit) for OSInit
    main.o(i.c_entry) refers to os_task.o(i.OSTaskCreate) for OSTaskCreate
    main.o(i.c_entry) refers to os_core.o(i.OSStart) for OSStart
    main.o(i.c_entry) refers to main.o(.bss) for .bss
    main.o(i.c_entry) refers to main.o(i.AppTaskStart) for AppTaskStart
    main.o(i.main) refers to main.o(i.c_entry) for c_entry
    appglobal.o(i.YF_Global_GetSerialMac) refers to apptcpip.o(.data) for serialMac
    rtctime.o(i.YF_RTCTime_GetTime) refers to memcpya.o(.text) for __aeabi_memcpy4
    rtctime.o(i.YF_RTCTime_Init) refers to lpc17xx_rtc.o(i.RTC_Init) for RTC_Init
    rtctime.o(i.YF_RTCTime_Start) refers to lpc17xx_rtc.o(i.RTC_ResetClockTickCounter) for RTC_ResetClockTickCounter
    rtctime.o(i.YF_RTCTime_Start) refers to lpc17xx_rtc.o(i.RTC_Cmd) for RTC_Cmd
    iap.o(i.u32IAP_CopyRAMToFlash) refers to system_lpc17xx.o(.data) for SystemCoreClock
    iap.o(i.u32IAP_EraseSectors) refers to system_lpc17xx.o(.data) for SystemCoreClock
    appdebug.o(i.uip_log) refers to debug_frmwrk.o(.data) for _db_msg
    os_cpu_a.o(OSKernelschedular) refers to os_core.o(.data) for OSRunning
    os_cpu_c.o(i.OSInitHookBegin) refers to os_cpu_c.o(.data) for .data
    os_cpu_c.o(i.OSTCBInitHook) refers to os_apphooks.o(i.App_TCBInitHook) for App_TCBInitHook
    os_cpu_c.o(i.OSTaskCreateHook) refers to os_apphooks.o(i.App_TaskCreateHook) for App_TaskCreateHook
    os_cpu_c.o(i.OSTaskDelHook) refers to os_apphooks.o(i.App_TaskDelHook) for App_TaskDelHook
    os_cpu_c.o(i.OSTaskIdleHook) refers to os_apphooks.o(i.App_TaskIdleHook) for App_TaskIdleHook
    os_cpu_c.o(i.OSTaskStatHook) refers to os_apphooks.o(i.App_TaskStatHook) for App_TaskStatHook
    os_cpu_c.o(i.OSTaskStkInit) refers to os_task.o(i.OS_TaskReturn) for OS_TaskReturn
    os_cpu_c.o(i.OSTaskSwHook) refers to os_apphooks.o(i.App_TaskSwHook) for App_TaskSwHook
    os_cpu_c.o(i.OSTimeTickHook) refers to os_apphooks.o(i.App_TimeTickHook) for App_TimeTickHook
    os_cpu_c.o(i.OSTimeTickHook) refers to os_tmr.o(i.OSTmrSignal) for OSTmrSignal
    os_cpu_c.o(i.OSTimeTickHook) refers to os_cpu_c.o(.data) for .data
    os_cpu_c.o(i.SysTick_Handler) refers to os_cpu_a.o(OSKernelschedular) for OS_CPU_SR_Save
    os_cpu_c.o(i.SysTick_Handler) refers to os_core.o(i.OSTimeTick) for OSTimeTick
    os_cpu_c.o(i.SysTick_Handler) refers to os_core.o(i.OSIntExit) for OSIntExit
    os_cpu_c.o(i.SysTick_Handler) refers to os_core.o(.data) for OSIntNesting
    os_core.o(i.OSEventNameGet) refers to os_cpu_a.o(OSKernelschedular) for OS_CPU_SR_Save
    os_core.o(i.OSEventNameGet) refers to os_core.o(i.OS_StrLen) for OS_StrLen
    os_core.o(i.OSEventNameGet) refers to os_core.o(.data) for .data
    os_core.o(i.OSEventNameSet) refers to os_cpu_a.o(OSKernelschedular) for OS_CPU_SR_Save
    os_core.o(i.OSEventNameSet) refers to os_core.o(.data) for .data
    os_core.o(i.OSEventPendMulti) refers to os_cpu_a.o(OSKernelschedular) for OS_CPU_SR_Save
    os_core.o(i.OSEventPendMulti) refers to os_core.o(i.OS_EventTaskWaitMulti) for OS_EventTaskWaitMulti
    os_core.o(i.OSEventPendMulti) refers to os_core.o(i.OS_Sched) for OS_Sched
    os_core.o(i.OSEventPendMulti) refers to os_core.o(i.OS_EventTaskRemoveMulti) for OS_EventTaskRemoveMulti
    os_core.o(i.OSEventPendMulti) refers to os_core.o(.data) for .data
    os_core.o(i.OSInit) refers to os_cpu_c.o(i.OSInitHookBegin) for OSInitHookBegin
    os_core.o(i.OSInit) refers to os_core.o(i.OS_InitTCBList) for OS_InitTCBList
    os_core.o(i.OSInit) refers to os_core.o(i.OS_InitEventList) for OS_InitEventList
    os_core.o(i.OSInit) refers to os_flag.o(i.OS_FlagInit) for OS_FlagInit
    os_core.o(i.OSInit) refers to os_mem.o(i.OS_MemInit) for OS_MemInit
    os_core.o(i.OSInit) refers to os_q.o(i.OS_QInit) for OS_QInit
    os_core.o(i.OSInit) refers to os_task.o(i.OSTaskCreateExt) for OSTaskCreateExt
    os_core.o(i.OSInit) refers to os_task.o(i.OSTaskNameSet) for OSTaskNameSet
    os_core.o(i.OSInit) refers to os_tmr.o(i.OSTmr_Init) for OSTmr_Init
    os_core.o(i.OSInit) refers to os_cpu_c.o(i.OSInitHookEnd) for OSInitHookEnd
[...]
    printf1.o(i.__0vprintf$1) refers to stdout.o(.data) for __stdout
    printf1.o(i.__0vsnprintf$1) refers to printf1.o(i._printf_core) for _printf_core
    printf1.o(i.__0vsnprintf$1) refers to printf1.o(i._snputc) for _snputc
    printf1.o(i.__0vsprintf$1) refers to printf1.o(i._printf_core) for _printf_core
    printf1.o(i.__0vsprintf$1) refers to printf1.o(i._sputc) for _sputc
    printf1.o(i._printf_core) refers to uidiv.o(.text) for __aeabi_uidivmod
    printf2.o(i.__0fprintf$2) refers to printf2.o(i._printf_core) for _printf_core
    printf2.o(i.__0fprintf$2) refers to fputc.o(i.fputc) for fputc
    printf2.o(i.__0printf$2) refers to printf2.o(i._printf_core) for _printf_core
    printf2.o(i.__0printf$2) refers to fputc.o(i.fputc) for fputc
    printf2.o(i.__0printf$2) refers to stdout.o(.data) for __stdout
    printf2.o(i.__0snprintf$2) refers to printf2.o(i._printf_core) for _printf_core
    printf2.o(i.__0snprintf$2) refers to printf2.o(i._snputc) for _snputc
    printf2.o(i.__0sprintf$2) refers to printf2.o(i._printf_core) for _printf_core
    printf2.o(i.__0sprintf$2) refers to printf2.o(i._sputc) for _sputc
    printf2.o(i.__0vfprintf$2) refers to printf2.o(i._printf_core) for _printf_core
    printf2.o(i.__0vfprintf$2) refers to fputc.o(i.fputc) for fputc
    printf2.o(i.__0vprintf$2) refers to printf2.o(i._printf_core) for _printf_core
    printf2.o(i.__0vprintf$2) refers to fputc.o(i.fputc) for fputc
    printf2.o(i.__0vprintf$2) refers to stdout.o(.data) for __stdout
    printf2.o(i.__0vsnprintf$2) refers to printf2.o(i._printf_core) for _printf_core
    printf2.o(i.__0vsnprintf$2) refers to printf2.o(i._snputc) for _snputc
    printf2.o(i.__0vsprintf$2) refers to printf2.o(i._printf_core) for _printf_core
    printf2.o(i.__0vsprintf$2) refers to printf2.o(i._sputc) for _sputc
    printf3.o(i.__0fprintf$3) refers to printf3.o(i._printf_core) for _printf_core
    printf3.o(i.__0fprintf$3) refers to fputc.o(i.fputc) for fputc
    printf3.o(i.__0printf$3) refers to printf3.o(i._printf_core) for _printf_core
    printf3.o(i.__0printf$3) refers to fputc.o(i.fputc) for fputc
    printf3.o(i.__0printf$3) refers to stdout.o(.data) for __stdout
    printf3.o(i.__0snprintf$3) refers to printf3.o(i._printf_core) for _printf_core
    printf3.o(i.__0snprintf$3) refers to printf3.o(i._snputc) for _snputc
    printf3.o(i.__0sprintf$3) refers to printf3.o(i._printf_core) for _printf_core
    printf3.o(i.__0sprintf$3) refers to printf3.o(i._sputc) for _sputc
    printf3.o(i.__0vfprintf$3) refers to printf3.o(i._printf_core) for _printf_core
    printf3.o(i.__0vfprintf$3) refers to fputc.o(i.fputc) for fputc
    printf3.o(i.__0vprintf$3) refers to printf3.o(i._printf_core) for _printf_core
    printf3.o(i.__0vprintf$3) refers to fputc.o(i.fputc) for fputc
    printf3.o(i.__0vprintf$3) refers to stdout.o(.data) for __stdout
    printf3.o(i.__0vsnprintf$3) refers to printf3.o(i._printf_core) for _printf_core
    printf3.o(i.__0vsnprintf$3) refers to printf3.o(i._snputc) for _snputc
    printf3.o(i.__0vsprintf$3) refers to printf3.o(i._printf_core) for _printf_core
    printf3.o(i.__0vsprintf$3) refers to printf3.o(i._sputc) for _sputc
    printf3.o(i._printf_core) refers to uidiv.o(.text) for __aeabi_uidivmod
    printf4.o(i.__0fprintf$4) refers to printf4.o(i._printf_core) for _printf_core
    printf4.o(i.__0fprintf$4) refers to fputc.o(i.fputc) for fputc
    printf4.o(i.__0printf$4) refers to printf4.o(i._printf_core) for _printf_core
    printf4.o(i.__0printf$4) refers to fputc.o(i.fputc) for fputc
    printf4.o(i.__0printf$4) refers to stdout.o(.data) for __stdout
    printf4.o(i.__0snprintf$4) refers to printf4.o(i._printf_core) for _printf_core
    printf4.o(i.__0snprintf$4) refers to printf4.o(i._snputc) for _snputc
    printf4.o(i.__0sprintf$4) refers to printf4.o(i._printf_core) for _printf_core
    printf4.o(i.__0sprintf$4) refers to printf4.o(i._sputc) for _sputc
    printf4.o(i.__0vfprintf$4) refers to printf4.o(i._printf_core) for _printf_core
    printf4.o(i.__0vfprintf$4) refers to fputc.o(i.fputc) for fputc
    printf4.o(i.__0vprintf$4) refers to printf4.o(i._printf_core) for _printf_core
    printf4.o(i.__0vprintf$4) refers to fputc.o(i.fputc) for fputc
    printf4.o(i.__0vprintf$4) refers to stdout.o(.data) for __stdout
    printf4.o(i.__0vsnprintf$4) refers to printf4.o(i._printf_core) for _printf_core
    printf4.o(i.__0vsnprintf$4) refers to printf4.o(i._snputc) for _snputc
    printf4.o(i.__0vsprintf$4) refers to printf4.o(i._printf_core) for _printf_core
    printf4.o(i.__0vsprintf$4) refers to printf4.o(i._sputc) for _sputc
    printf4.o(i._printf_core) refers to uldiv.o(.text) for __aeabi_uldivmod
    printf5.o(i.__0fprintf$5) refers to printf5.o(i._printf_core) for _printf_core
    printf5.o(i.__0fprintf$5) refers to fputc.o(i.fputc) for fputc
    printf5.o(i.__0printf$5) refers to printf5.o(i._printf_core) for _printf_core
    printf5.o(i.__0printf$5) refers to fputc.o(i.fputc) for fputc
    printf5.o(i.__0printf$5) refers to stdout.o(.data) for __stdout
    printf5.o(i.__0snprintf$5) refers to printf5.o(i._printf_core) for _printf_core
    printf5.o(i.__0snprintf$5) refers to printf5.o(i._snputc) for _snputc
    printf5.o(i.__0sprintf$5) refers to printf5.o(i._printf_core) for _printf_core
    printf5.o(i.__0sprintf$5) refers to printf5.o(i._sputc) for _sputc
    printf5.o(i.__0vfprintf$5) refers to printf5.o(i._printf_core) for _printf_core
    printf5.o(i.__0vfprintf$5) refers to fputc.o(i.fputc) for fputc
    printf5.o(i.__0vprintf$5) refers to printf5.o(i._printf_core) for _printf_core
    printf5.o(i.__0vprintf$5) refers to fputc.o(i.fputc) for fputc
    printf5.o(i.__0vprintf$5) refers to stdout.o(.data) for __stdout
    printf5.o(i.__0vsnprintf$5) refers to printf5.o(i._printf_core) for _printf_core
    printf5.o(i.__0vsnprintf$5) refers to printf5.o(i._snputc) for _snputc
    printf5.o(i.__0vsprintf$5) refers to printf5.o(i._printf_core) for _printf_core
    printf5.o(i.__0vsprintf$5) refers to printf5.o(i._sputc) for _sputc
    printf5.o(i._printf_core) refers to uldiv.o(.text) for __aeabi_uldivmod
    printf6.o(i.__0fprintf$6) refers to printf6.o(i._printf_core) for _printf_core
    printf6.o(i.__0fprintf$6) refers to fputc.o(i.fputc) for fputc
    printf6.o(i.__0printf$6) refers to printf6.o(i._printf_core) for _printf_core
    printf6.o(i.__0printf$6) refers to fputc.o(i.fputc) for fputc
    printf6.o(i.__0printf$6) refers to stdout.o(.data) for __stdout
    printf6.o(i.__0snprintf$6) refers to printf6.o(i._printf_core) for _printf_core
    printf6.o(i.__0snprintf$6) refers to printf6.o(i._snputc) for _snputc
    printf6.o(i.__0sprintf$6) refers to printf6.o(i._printf_core) for _printf_core
    printf6.o(i.__0sprintf$6) refers to printf6.o(i._sputc) for _sputc
    printf6.o(i.__0vfprintf$6) refers to printf6.o(i._printf_core) for _printf_core
    printf6.o(i.__0vfprintf$6) refers to fputc.o(i.fputc) for fputc
    printf6.o(i.__0vprintf$6) refers to printf6.o(i._printf_core) for _printf_core
    printf6.o(i.__0vprintf$6) refers to fputc.o(i.fputc) for fputc
    printf6.o(i.__0vprintf$6) refers to stdout.o(.data) for __stdout
    printf6.o(i.__0vsnprintf$6) refers to printf6.o(i._printf_core) for _printf_core
    printf6.o(i.__0vsnprintf$6) refers to printf6.o(i._snputc) for _snputc
    printf6.o(i.__0vsprintf$6) refers to printf6.o(i._printf_core) for _printf_core
    printf6.o(i.__0vsprintf$6) refers to printf6.o(i._sputc) for _sputc
    printf6.o(i._printf_core) refers to printf6.o(i._printf_pre_padding) for _printf_pre_padding
    printf6.o(i._printf_core) refers to uidiv.o(.text) for __aeabi_uidivmod
    printf6.o(i._printf_core) refers to printf6.o(i._printf_post_padding) for _printf_post_padding
    printf7.o(i.__0fprintf$7) refers to printf7.o(i._printf_core) for _printf_core
    printf7.o(i.__0fprintf$7) refers to fputc.o(i.fputc) for fputc
    printf7.o(i.__0printf$7) refers to printf7.o(i._printf_core) for _printf_core
    printf7.o(i.__0printf$7) refers to fputc.o(i.fputc) for fputc
    printf7.o(i.__0printf$7) refers to stdout.o(.data) for __stdout
    printf7.o(i.__0snprintf$7) refers to printf7.o(i._printf_core) for _printf_core
    printf7.o(i.__0snprintf$7) refers to printf7.o(i._snputc) for _snputc
    printf7.o(i.__0sprintf$7) refers to printf7.o(i._printf_core) for _printf_core
    printf7.o(i.__0sprintf$7) refers to printf7.o(i._sputc) for _sputc
    printf7.o(i.__0vfprintf$7) refers to printf7.o(i._printf_core) for _printf_core
    printf7.o(i.__0vfprintf$7) refers to fputc.o(i.fputc) for fputc
    printf7.o(i.__0vprintf$7) refers to printf7.o(i._printf_core) for _printf_core
    printf7.o(i.__0vprintf$7) refers to fputc.o(i.fputc) for fputc
    printf7.o(i.__0vprintf$7) refers to stdout.o(.data) for __stdout
    printf7.o(i.__0vsnprintf$7) refers to printf7.o(i._printf_core) for _printf_core
    printf7.o(i.__0vsnprintf$7) refers to printf7.o(i._snputc) for _snputc
    printf7.o(i.__0vsprintf$7) refers to printf7.o(i._printf_core) for _printf_core
    printf7.o(i.__0vsprintf$7) refers to printf7.o(i._sputc) for _sputc
    printf7.o(i._printf_core) refers to printf7.o(i._printf_pre_padding) for _printf_pre_padding
    printf7.o(i._printf_core) refers to uldiv.o(.text) for __aeabi_uldivmod
    printf7.o(i._printf_core) refers to printf7.o(i._printf_post_padding) for _printf_post_padding
    printf8.o(i.__0fprintf$8) refers to printf8.o(i._printf_core) for _printf_core
    printf8.o(i.__0fprintf$8) refers to fputc.o(i.fputc) for fputc
    printf8.o(i.__0printf$8) refers to printf8.o(i._printf_core) for _printf_core
    printf8.o(i.__0printf$8) refers to fputc.o(i.fputc) for fputc
    printf8.o(i.__0printf$8) refers to stdout.o(.data) for __stdout
    printf8.o(i.__0snprintf$8) refers to printf8.o(i._printf_core) for _printf_core
    printf8.o(i.__0snprintf$8) refers to printf8.o(i._snputc) for _snputc
    printf8.o(i.__0sprintf$8) refers to printf8.o(i._printf_core) for _printf_core
    printf8.o(i.__0sprintf$8) refers to printf8.o(i._sputc) for _sputc
    printf8.o(i.__0vfprintf$8) refers to printf8.o(i._printf_core) for _printf_core
    printf8.o(i.__0vfprintf$8) refers to fputc.o(i.fputc) for fputc
    printf8.o(i.__0vprintf$8) refers to printf8.o(i._printf_core) for _printf_core
    printf8.o(i.__0vprintf$8) refers to fputc.o(i.fputc) for fputc
    printf8.o(i.__0vprintf$8) refers to stdout.o(.data) for __stdout
    printf8.o(i.__0vsnprintf$8) refers to printf8.o(i._printf_core) for _printf_core
    printf8.o(i.__0vsnprintf$8) refers to printf8.o(i._snputc) for _snputc
    printf8.o(i.__0vsprintf$8) refers to printf8.o(i._printf_core) for _printf_core
    printf8.o(i.__0vsprintf$8) refers to printf8.o(i._sputc) for _sputc
    printf8.o(i._printf_core) refers to printf8.o(i._printf_pre_padding) for _printf_pre_padding
    printf8.o(i._printf_core) refers to uldiv.o(.text) for __aeabi_uldivmod
    printf8.o(i._printf_core) refers to printf8.o(i._printf_post_padding) for _printf_post_padding
    printfa.o(i.__0fprintf) refers (Special) to iusefp.o(.text) for __I$use$fp
    printfa.o(i.__0fprintf) refers to printfa.o(i._printf_core) for _printf_core
    printfa.o(i.__0fprintf) refers to fputc.o(i.fputc) for fputc
    printfa.o(i.__0printf) refers (Special) to iusefp.o(.text) for __I$use$fp
    printfa.o(i.__0printf) refers to printfa.o(i._printf_core) for _printf_core
    printfa.o(i.__0printf) refers to fputc.o(i.fputc) for fputc
    printfa.o(i.__0printf) refers to stdout.o(.data) for __stdout
    printfa.o(i.__0snprintf) refers (Special) to iusefp.o(.text) for __I$use$fp
    printfa.o(i.__0snprintf) refers to printfa.o(i._printf_core) for _printf_core
    printfa.o(i.__0snprintf) refers to printfa.o(i._snputc) for _snputc
    printfa.o(i.__0sprintf) refers (Special) to iusefp.o(.text) for __I$use$fp
    printfa.o(i.__0sprintf) refers to printfa.o(i._printf_core) for _printf_core
    printfa.o(i.__0sprintf) refers to printfa.o(i._sputc) for _sputc
    printfa.o(i.__0vfprintf) refers (Special) to iusefp.o(.text) for __I$use$fp
    printfa.o(i.__0vfprintf) refers to printfa.o(i._printf_core) for _printf_core
    printfa.o(i.__0vfprintf) refers to fputc.o(i.fputc) for fputc
    printfa.o(i.__0vprintf) refers (Special) to iusefp.o(.text) for __I$use$fp
    printfa.o(i.__0vprintf) refers to printfa.o(i._printf_core) for _printf_core
    printfa.o(i.__0vprintf) refers to fputc.o(i.fputc) for fputc
    printfa.o(i.__0vprintf) refers to stdout.o(.data) for __stdout
    printfa.o(i.__0vsnprintf) refers (Special) to iusefp.o(.text) for __I$use$fp
    printfa.o(i.__0vsnprintf) refers to printfa.o(i._printf_core) for _printf_core
    printfa.o(i.__0vsnprintf) refers to printfa.o(i._snputc) for _snputc
    printfa.o(i.__0vsprintf) refers (Special) to iusefp.o(.text) for __I$use$fp
    printfa.o(i.__0vsprintf) refers to printfa.o(i._printf_core) for _printf_core
    printfa.o(i.__0vsprintf) refers to printfa.o(i._sputc) for _sputc
    printfa.o(i._fp_digits) refers (Special) to iusefp.o(.text) for __I$use$fp
    printfa.o(i._fp_digits) refers to dmul.o(.text) for __aeabi_dmul
    printfa.o(i._fp_digits) refers to ddiv.o(.text) for __aeabi_ddiv
    printfa.o(i._fp_digits) refers to cdrcmple.o(.text) for __aeabi_cdrcmple
    printfa.o(i._fp_digits) refers to dadd.o(.text) for __aeabi_dadd
    printfa.o(i._fp_digits) refers to dfixul.o(.text) for __aeabi_d2ulz
    printfa.o(i._fp_digits) refers to uldiv.o(.text) for __aeabi_uldivmod
    printfa.o(i._printf_core) refers (Special) to iusefp.o(.text) for __I$use$fp
    printfa.o(i._printf_core) refers to printfa.o(i._printf_pre_padding) for _printf_pre_padding
    printfa.o(i._printf_core) refers to uldiv.o(.text) for __aeabi_uldivmod
    printfa.o(i._printf_core) refers to printfa.o(i._printf_post_padding) for _printf_post_padding
    printfa.o(i._printf_core) refers to printfa.o(i._fp_digits) for _fp_digits
    printfa.o(i._printf_core) refers to uidiv.o(.text) for __aeabi_uidivmod
    printfa.o(i._printf_post_padding) refers (Special) to iusefp.o(.text) for __I$use$fp
    printfa.o(i._printf_pre_padding) refers (Special) to iusefp.o(.text) for __I$use$fp
    printfa.o(i._snputc) refers (Special) to iusefp.o(.text) for __I$use$fp
    printfa.o(i._sputc) refers (Special) to iusefp.o(.text) for __I$use$fp
    ffltui.o(.text) refers (Special) to iusefp.o(.text) for __I$use$fp
    ffltui.o(.text) refers to fepilogue.o(.text) for _float_epilogue
    cfrcmple.o(.text) refers (Special) to iusefp.o(.text) for __I$use$fp
    entry2.o(.ARM.Collect$$$$00000001) refers to entry2.o(.ARM.Collect$$$$00002712) for __lit__00000000
    entry2.o(.ARM.Collect$$$$00002712) refers to startup_lpc17xx.o(STACK) for __initial_sp
    entry2.o(__vectab_stack_and_reset_area) refers to startup_lpc17xx.o(STACK) for __initial_sp
    entry2.o(__vectab_stack_and_reset_area) refers to entry.o(.ARM.Collect$$$$00000000) for __main
    entry5.o(.ARM.Collect$$$$00000004) refers to init.o(.text) for __scatterload
    entry8.o(.ARM.Collect$$$$00000009) refers to main.o(i.main) for main
    fputc.o(i.fputc) refers (Special) to iusesemip.o(.text) for __I$use$semihosting$fputc
    fputc.o(i.fputc) refers (Special) to semi.o(.text) for __semihosting_library_function
    dadd.o(.text) refers to llshl.o(.text) for __aeabi_llsl
    dadd.o(.text) refers to llsshr.o(.text) for __aeabi_lasr
    dadd.o(.text) refers to depilogue.o(.text) for _double_epilogue
    dmul.o(.text) refers to depilogue.o(.text) for _double_epilogue
    ddiv.o(.text) refers to depilogue.o(.text) for _double_round
    dfixul.o(.text) refers to llushr.o(.text) for __aeabi_llsr
    dfixul.o(.text) refers to llshl.o(.text) for __aeabi_llsl
    init.o(.text) refers to entry5.o(.ARM.Collect$$$$00000004) for __main_after_scatterload
    depilogue.o(.text) refers to llshl.o(.text) for __aeabi_llsl
    depilogue.o(.text) refers to llushr.o(.text) for __aeabi_llsr


==============================================================================

Removing Unused input sections from the image.

    Removing system_lpc17xx.o(.emb_text), (8 bytes).
    Removing system_lpc17xx.o(i.SystemCoreClockUpdate), (216 bytes).
    Removing system_lpc17xx.o(.data), (4 bytes).
    Removing startup_lpc17xx.o(HEAP), (0 bytes).
    Removing main.o(.emb_text), (8 bytes).
    Removing app.o(.emb_text), (8 bytes).
    Removing app.o(i.YF_InitApp), (2 bytes).
    Removing apptcpip.o(.emb_text), (8 bytes).
    Removing apptcpip.o(i.YF_TcpApp), (2 bytes).
    Removing apptcpip.o(.data), (6 bytes).
    Removing appglobal.o(.emb_text), (8 bytes).
    Removing appglobal.o(i.YF_Global_GetSerialMac), (8 bytes).
    Removing appglobal.o(i.YF_Global_Init), (2 bytes).
    Removing rtctime.o(.emb_text), (8 bytes).
    Removing rtctime.o(i.YF_RTCTime_GetTime), (56 bytes).
    Removing rtctime.o(i.YF_RTCTime_Init), (12 bytes).
    Removing rtctime.o(i.YF_RTCTime_SetTime), (36 bytes).
    Removing rtctime.o(i.YF_RTCTime_SetTimeByYDMHMSW), (32 bytes).
    Removing rtctime.o(i.YF_RTCTime_Start), (28 bytes).
    Removing iap.o(.emb_text), (8 bytes).
    Removing iap.o(i.u32IAP_BlankCheckSectors), (52 bytes).
    Removing iap.o(i.u32IAP_Compare), (48 bytes).
    Removing iap.o(i.u32IAP_CopyRAMToFlash), (52 bytes).
    Removing iap.o(i.u32IAP_EraseSectors), (56 bytes).
    Removing iap.o(i.u32IAP_PrepareSectors), (40 bytes).
    Removing iap.o(i.u32IAP_ReadBootVersion), (44 bytes).
    Removing iap.o(i.u32IAP_ReadPartID), (32 bytes).
    Removing iap.o(i.u32IAP_ReadSerialNumber), (48 bytes).
    Removing iap.o(i.vIAP_ReinvokeISP), (24 bytes).
    Removing appdebug.o(.emb_text), (8 bytes).
    Removing appdebug.o(i.check_failed), (2 bytes).
    Removing appdebug.o(i.uip_log), (76 bytes).
    Removing os_cpu_c.o(i.OSTaskSwHook), (4 bytes).
    Removing os_cpu_c.o(i.OS_CPU_SysTickInit), (36 bytes).
    Removing os_dbg.o(.constdata), (112 bytes).
    Removing os_dbg.o(.constdata), (2 bytes).
    Removing os_core.o(i.OSEventNameGet), (92 bytes).
    Removing os_core.o(i.OSEventPendMulti), (456 bytes).
    Removing os_core.o(i.OSIntEnter), (24 bytes).
    Removing os_core.o(i.OSStatInit), (52 bytes).
    Removing os_core.o(i.OSVersion), (6 bytes).
    Removing os_core.o(i.OS_EventTaskWaitMulti), (96 bytes).
    Removing os_core.o(i.OS_MemCopy), (22 bytes).
    Removing os_core.o(i.OS_StrLen), (20 bytes).
    Removing os_flag.o(i.OSFlagAccept), (168 bytes).
    Removing os_flag.o(i.OSFlagCreate), (80 bytes).
    Removing os_flag.o(i.OSFlagDel), (200 bytes).
    Removing os_flag.o(i.OSFlagNameGet), (92 bytes).
    Removing os_flag.o(i.OSFlagNameSet), (68 bytes).
    Removing os_flag.o(i.OSFlagPend), (372 bytes).
    Removing os_flag.o(i.OSFlagPendGetFlagsRdy), (24 bytes).
    Removing os_flag.o(i.OSFlagPost), (188 bytes).
    Removing os_flag.o(i.OSFlagQuery), (44 bytes).
    Removing os_flag.o(i.OS_FlagBlock), (108 bytes).
    Removing os_flag.o(i.OS_FlagTaskRdy), (88 bytes).
    Removing os_mbox.o(i.OSMboxAccept), (34 bytes).
    Removing os_mbox.o(i.OSMboxCreate), (76 bytes).
    Removing os_mbox.o(i.OSMboxDel), (208 bytes).
    Removing os_mbox.o(i.OSMboxPend), (216 bytes).
    Removing os_mbox.o(i.OSMboxPendAbort), (116 bytes).
    Removing os_mbox.o(i.OSMboxPost), (88 bytes).
    Removing os_mbox.o(i.OSMboxPostOpt), (122 bytes).
    Removing os_mbox.o(i.OSMboxQuery), (78 bytes).
    Removing os_mem.o(i.OSMemCreate), (124 bytes).
    Removing os_mem.o(i.OSMemGet), (62 bytes).
    Removing os_mem.o(i.OSMemNameGet), (72 bytes).
    Removing os_mem.o(i.OSMemNameSet), (52 bytes).
    Removing os_mem.o(i.OSMemPut), (58 bytes).
    Removing os_mem.o(i.OSMemQuery), (58 bytes).
    Removing os_mutex.o(i.OSMutexAccept), (132 bytes).
    Removing os_mutex.o(i.OSMutexCreate), (152 bytes).
    Removing os_mutex.o(i.OSMutexDel), (256 bytes).
    Removing os_mutex.o(i.OSMutexPend), (492 bytes).
    Removing os_mutex.o(i.OSMutexPost), (180 bytes).
    Removing os_mutex.o(i.OSMutexQuery), (108 bytes).
    Removing os_mutex.o(i.OSMutex_RdyAtPrio), (116 bytes).
    Removing os_q.o(i.OSQAccept), (84 bytes).
    Removing os_q.o(i.OSQCreate), (136 bytes).
    Removing os_q.o(i.OSQDel), (244 bytes).
    Removing os_q.o(i.OSQFlush), (48 bytes).
    Removing os_q.o(i.OSQPend), (224 bytes).
    Removing os_q.o(i.OSQPendAbort), (116 bytes).
    Removing os_q.o(i.OSQPost), (112 bytes).
    Removing os_q.o(i.OSQPostFront), (110 bytes).
    Removing os_q.o(i.OSQPostOpt), (170 bytes).
    Removing os_q.o(i.OSQQuery), (94 bytes).
    Removing os_sem.o(i.OSSemAccept), (36 bytes).
    Removing os_sem.o(i.OSSemDel), (208 bytes).
    Removing os_sem.o(i.OSSemPendAbort), (116 bytes).
    Removing os_sem.o(i.OSSemQuery), (78 bytes).
    Removing os_sem.o(i.OSSemSet), (58 bytes).
    Removing os_task.o(i.OSTaskChangePrio), (356 bytes).
    Removing os_task.o(i.OSTaskDelReq), (104 bytes).
    Removing os_task.o(i.OSTaskNameGet), (124 bytes).
    Removing os_task.o(i.OSTaskQuery), (104 bytes).
    Removing os_task.o(i.OSTaskRegGet), (76 bytes).
    Removing os_task.o(i.OSTaskRegSet), (72 bytes).
    Removing os_task.o(i.OSTaskResume), (160 bytes).
    Removing os_time.o(i.OSTimeDlyHMSM), (116 bytes).
    Removing os_time.o(i.OSTimeDlyResume), (160 bytes).
    Removing os_time.o(i.OSTimeGet), (24 bytes).
    Removing os_time.o(i.OSTimeSet), (24 bytes).
    Removing os_tmr.o(i.OSTmrCreate), (156 bytes).
    Removing os_tmr.o(i.OSTmrDel), (104 bytes).
    Removing os_tmr.o(i.OSTmrNameGet), (112 bytes).
    Removing os_tmr.o(i.OSTmrRemainGet), (140 bytes).
    Removing os_tmr.o(i.OSTmrStart), (108 bytes).
    Removing os_tmr.o(i.OSTmrStateGet), (80 bytes).
    Removing os_tmr.o(i.OSTmrStop), (160 bytes).
    Removing os_tmr.o(i.OSTmr_Free), (68 bytes).
    Removing os_apphooks.o(.emb_text), (8 bytes).
    Removing os_apphooks.o(i.App_TaskReturnHook), (2 bytes).
    Removing os_apphooks.o(i.App_TaskSwHook), (2 bytes).
    Removing clock-arch.o(.emb_text), (8 bytes).
    Removing clock-arch.o(i.clock_init), (72 bytes).
    Removing clock-arch.o(i.clock_time), (20 bytes).
    Removing clock-arch.o(.data), (4 bytes).
    Removing emac.o(.emb_text), (8 bytes).
    Removing emac.o(i.tapdev_init), (344 bytes).
    Removing emac.o(i.tapdev_read), (46 bytes).
    Removing emac.o(i.tapdev_send), (44 bytes).
    Removing emac.o(.data), (6 bytes).
    Removing psock.o(i.buf_bufdata), (124 bytes).
    Removing psock.o(i.buf_bufto), (98 bytes).
    Removing psock.o(i.data_acked), (76 bytes).
    Removing psock.o(i.psock_datalen), (10 bytes).
    Removing psock.o(i.psock_generator_send), (108 bytes).
    Removing psock.o(i.psock_init), (24 bytes).
    Removing psock.o(i.psock_newdata), (40 bytes).
    Removing psock.o(i.psock_readbuf), (156 bytes).
    Removing psock.o(i.psock_readto), (128 bytes).
    Removing psock.o(i.psock_send), (74 bytes).
    Removing psock.o(i.send_data), (68 bytes).
    Removing timer.o(i.timer_expired), (26 bytes).
    Removing timer.o(i.timer_reset), (10 bytes).
    Removing timer.o(i.timer_restart), (12 bytes).
    Removing timer.o(i.timer_set), (14 bytes).
    Removing uip.o(i.chksum), (58 bytes).
    Removing uip.o(i.htons), (10 bytes).
    Removing uip.o(i.uip_add32), (92 bytes).
    Removing uip.o(i.uip_add_rcv_nxt), (44 bytes).
    Removing uip.o(i.uip_chksum), (20 bytes).
    Removing uip.o(i.uip_connect), (224 bytes).
    Removing uip.o(i.uip_init), (72 bytes).
    Removing uip.o(i.uip_ipchksum), (36 bytes).
    Removing uip.o(i.uip_listen), (48 bytes).
    Removing uip.o(i.uip_process), (2572 bytes).
    Removing uip.o(i.uip_send), (32 bytes).
    Removing uip.o(i.uip_setipid), (12 bytes).
    Removing uip.o(i.uip_tcpchksum), (6 bytes).
    Removing uip.o(i.uip_udpchksum), (6 bytes).
    Removing uip.o(i.uip_unlisten), (48 bytes).
    Removing uip.o(i.upper_layer_chksum), (68 bytes).
    Removing uip.o(.bss), (200 bytes).
    Removing uip.o(.bss), (3248 bytes).
    Removing uip.o(.constdata), (4 bytes).
    Removing uip.o(.data), (6 bytes).
    Removing uip.o(.data), (40 bytes).
    Removing uip.o(.data), (4 bytes).
    Removing uip.o(.data), (4 bytes).
    Removing uip_arp.o(i.uip_arp_arpin), (204 bytes).
    Removing uip_arp.o(i.uip_arp_init), (44 bytes).
    Removing uip_arp.o(i.uip_arp_ipin), (76 bytes).
    Removing uip_arp.o(i.uip_arp_out), (348 bytes).
    Removing uip_arp.o(i.uip_arp_timer), (68 bytes).
    Removing uip_arp.o(i.uip_arp_update), (188 bytes).
    Removing uip_arp.o(.bss), (96 bytes).
    Removing uip_arp.o(.constdata), (6 bytes).
    Removing uip_arp.o(.constdata), (4 bytes).
    Removing uip_arp.o(.data), (8 bytes).
    Removing uip-fw.o(i.fwcache_register), (88 bytes).
    Removing uip-fw.o(i.time_exceeded), (132 bytes).
    Removing uip-fw.o(i.uip_fw_default), (12 bytes).
    Removing uip-fw.o(i.uip_fw_forward), (188 bytes).
    Removing uip-fw.o(i.uip_fw_init), (28 bytes).
    Removing uip-fw.o(i.uip_fw_output), (92 bytes).
    Removing uip-fw.o(i.uip_fw_periodic), (28 bytes).
    Removing uip-fw.o(i.uip_fw_register), (16 bytes).
    Removing uip-fw.o(.bss), (28 bytes).
    Removing uip-fw.o(.data), (8 bytes).
    Removing uiplib.o(i.uiplib_ipaddrconv), (78 bytes).
    Removing uip-neighbor.o(i.find_entry), (56 bytes).
    Removing uip-neighbor.o(i.uip_neighbor_add), (136 bytes).
    Removing uip-neighbor.o(i.uip_neighbor_init), (32 bytes).
    Removing uip-neighbor.o(i.uip_neighbor_lookup), (14 bytes).
    Removing uip-neighbor.o(i.uip_neighbor_periodic), (36 bytes).
    Removing uip-neighbor.o(i.uip_neighbor_update), (16 bytes).
    Removing uip-neighbor.o(.bss), (96 bytes).
    Removing uip-neighbor.o(.constdata), (65 bytes).
    Removing debug_frmwrk.o(.emb_text), (8 bytes).
    Removing debug_frmwrk.o(i.UARTGetChar), (24 bytes).
    Removing debug_frmwrk.o(i.UARTPutChar), (14 bytes).
    Removing debug_frmwrk.o(i.UARTPutDec), (70 bytes).
    Removing debug_frmwrk.o(i.UARTPutDec16), (124 bytes).
    Removing debug_frmwrk.o(i.UARTPutDec32), (280 bytes).
    Removing debug_frmwrk.o(i.UARTPutHex), (60 bytes).
    Removing debug_frmwrk.o(i.UARTPutHex16), (60 bytes).
    Removing debug_frmwrk.o(i.UARTPutHex32), (60 bytes).
    Removing debug_frmwrk.o(i.UARTPuts), (24 bytes).
    Removing debug_frmwrk.o(i.UARTPuts_), (24 bytes).
    Removing debug_frmwrk.o(i.debug_frmwrk_init), (168 bytes).
    Removing debug_frmwrk.o(i.my_printf), (44 bytes).
    Removing debug_frmwrk.o(.bss), (513 bytes).
    Removing debug_frmwrk.o(.data), (40 bytes).
    Removing lpc17xx_clkpwr.o(.emb_text), (8 bytes).
    Removing lpc17xx_clkpwr.o(i.CLKPWR_ConfigPPWR), (44 bytes).
    Removing lpc17xx_clkpwr.o(i.CLKPWR_DeepPowerDown), (24 bytes).
    Removing lpc17xx_clkpwr.o(i.CLKPWR_DeepSleep), (24 bytes).
    Removing lpc17xx_clkpwr.o(i.CLKPWR_GetPCLK), (44 bytes).
    Removing lpc17xx_clkpwr.o(i.CLKPWR_GetPCLKSEL), (32 bytes).
    Removing lpc17xx_clkpwr.o(i.CLKPWR_PowerDown), (24 bytes).
    Removing lpc17xx_clkpwr.o(i.CLKPWR_SetPCLKDiv), (60 bytes).
    Removing lpc17xx_clkpwr.o(i.CLKPWR_Sleep), (16 bytes).
    Removing lpc17xx_emac.o(.emb_text), (8 bytes).
    Removing lpc17xx_emac.o(i.EMAC_CheckPHYStatus), (50 bytes).
    Removing lpc17xx_emac.o(i.EMAC_CheckReceiveDataStatus), (32 bytes).
    Removing lpc17xx_emac.o(i.EMAC_CheckReceiveIndex), (24 bytes).
    Removing lpc17xx_emac.o(i.EMAC_CheckTransmitIndex), (28 bytes).
    Removing lpc17xx_emac.o(i.EMAC_DeInit), (28 bytes).
    Removing lpc17xx_emac.o(i.EMAC_GetReceiveDataSize), (24 bytes).
    Removing lpc17xx_emac.o(i.EMAC_GetWoLStatus), (24 bytes).
    Removing lpc17xx_emac.o(i.EMAC_Init), (400 bytes).
    Removing lpc17xx_emac.o(i.EMAC_IntCmd), (24 bytes).
    Removing lpc17xx_emac.o(i.EMAC_IntGetStatus), (28 bytes).
    Removing lpc17xx_emac.o(i.EMAC_ReadPacketBuffer), (44 bytes).
    Removing lpc17xx_emac.o(i.EMAC_SetFilterMode), (26 bytes).
    Removing lpc17xx_emac.o(i.EMAC_SetHashFilter), (76 bytes).
    Removing lpc17xx_emac.o(i.EMAC_SetPHYMode), (132 bytes).
    Removing lpc17xx_emac.o(i.EMAC_UpdatePHYStatus), (82 bytes).
    Removing lpc17xx_emac.o(i.EMAC_UpdateRxConsumeIndex), (22 bytes).
    Removing lpc17xx_emac.o(i.EMAC_UpdateTxProduceIndex), (22 bytes).
    Removing lpc17xx_emac.o(i.EMAC_WritePacketBuffer), (56 bytes).
    Removing lpc17xx_emac.o(i.emac_CRCCalc), (124 bytes).
    Removing lpc17xx_emac.o(i.read_PHY), (44 bytes).
    Removing lpc17xx_emac.o(i.write_PHY), (38 bytes).
    Removing lpc17xx_emac.o(.bss), (10852 bytes).
    Removing lpc17xx_emac.o(.constdata), (7 bytes).
    Removing lpc17xx_gpio.o(.emb_text), (8 bytes).
    Removing lpc17xx_gpio.o(i.FIO_ByteClearValue), (24 bytes).
    Removing lpc17xx_gpio.o(i.FIO_ByteGetPointer), (52 bytes).
    Removing lpc17xx_gpio.o(i.FIO_ByteReadValue), (24 bytes).
    Removing lpc17xx_gpio.o(i.FIO_ByteSetDir), (40 bytes).
    Removing lpc17xx_gpio.o(i.FIO_ByteSetMask), (44 bytes).
    Removing lpc17xx_gpio.o(i.FIO_ByteSetValue), (24 bytes).
    Removing lpc17xx_gpio.o(i.FIO_ClearInt), (4 bytes).
    Removing lpc17xx_gpio.o(i.FIO_ClearValue), (4 bytes).
    Removing lpc17xx_gpio.o(i.FIO_GetIntStatus), (4 bytes).
    Removing lpc17xx_gpio.o(i.FIO_HalfWordClearValue), (24 bytes).
    Removing lpc17xx_gpio.o(i.FIO_HalfWordGetPointer), (52 bytes).
    Removing lpc17xx_gpio.o(i.FIO_HalfWordReadValue), (22 bytes).
    Removing lpc17xx_gpio.o(i.FIO_HalfWordSetDir), (50 bytes).
    Removing lpc17xx_gpio.o(i.FIO_HalfWordSetMask), (50 bytes).
    Removing lpc17xx_gpio.o(i.FIO_HalfWordSetValue), (24 bytes).
    Removing lpc17xx_gpio.o(i.FIO_IntCmd), (4 bytes).
    Removing lpc17xx_gpio.o(i.FIO_ReadValue), (4 bytes).
    Removing lpc17xx_gpio.o(i.FIO_SetDir), (4 bytes).
    Removing lpc17xx_gpio.o(i.FIO_SetMask), (28 bytes).
    Removing lpc17xx_gpio.o(i.FIO_SetValue), (4 bytes).
    Removing lpc17xx_gpio.o(i.GPIO_ClearInt), (28 bytes).
    Removing lpc17xx_gpio.o(i.GPIO_ClearValue), (16 bytes).
    Removing lpc17xx_gpio.o(i.GPIO_GetIntStatus), (68 bytes).
    Removing lpc17xx_gpio.o(i.GPIO_GetPointer), (52 bytes).
    Removing lpc17xx_gpio.o(i.GPIO_IntCmd), (60 bytes).
    Removing lpc17xx_gpio.o(i.GPIO_ReadValue), (14 bytes).
    Removing lpc17xx_gpio.o(i.GPIO_SetDir), (28 bytes).
    Removing lpc17xx_gpio.o(i.GPIO_SetValue), (16 bytes).
    Removing lpc17xx_pinsel.o(.emb_text), (8 bytes).
    Removing lpc17xx_pinsel.o(i.PINSEL_ConfigPin), (124 bytes).
    Removing lpc17xx_pinsel.o(i.PINSEL_ConfigTraceFunc), (32 bytes).
    Removing lpc17xx_pinsel.o(i.PINSEL_SetI2C0Pins), (20 bytes).
    Removing lpc17xx_rtc.o(.emb_text), (8 bytes).
    Removing lpc17xx_rtc.o(i.RTC_AlarmIntConfig), (284 bytes).
    Removing lpc17xx_rtc.o(i.RTC_CalibConfig), (124 bytes).
    Removing lpc17xx_rtc.o(i.RTC_CalibCounterCmd), (100 bytes).
    Removing lpc17xx_rtc.o(i.RTC_ClearIntPending), (92 bytes).
    Removing lpc17xx_rtc.o(i.RTC_Cmd), (96 bytes).
    Removing lpc17xx_rtc.o(i.RTC_CntIncrIntConfig), (284 bytes).
    Removing lpc17xx_rtc.o(i.RTC_DeInit), (80 bytes).
    Removing lpc17xx_rtc.o(i.RTC_GetAlarmTime), (92 bytes).
    Removing lpc17xx_rtc.o(i.RTC_GetFullAlarmTime), (136 bytes).
    Removing lpc17xx_rtc.o(i.RTC_GetFullTime), (136 bytes).
    Removing lpc17xx_rtc.o(i.RTC_GetIntPending), (96 bytes).
    Removing lpc17xx_rtc.o(i.RTC_GetTime), (196 bytes).
    Removing lpc17xx_rtc.o(i.RTC_Init), (88 bytes).
    Removing lpc17xx_rtc.o(i.RTC_ReadGPREG), (88 bytes).
    Removing lpc17xx_rtc.o(i.RTC_ResetClockTickCounter), (80 bytes).
    Removing lpc17xx_rtc.o(i.RTC_SetAlarmTime), (280 bytes).
    Removing lpc17xx_rtc.o(i.RTC_SetFullAlarmTime), (136 bytes).
    Removing lpc17xx_rtc.o(i.RTC_SetFullTime), (136 bytes).
    Removing lpc17xx_rtc.o(i.RTC_SetTime), (316 bytes).
    Removing lpc17xx_rtc.o(i.RTC_WriteGPREG), (92 bytes).
    Removing lpc17xx_systick.o(.emb_text), (8 bytes).
    Removing lpc17xx_systick.o(i.SYSTICK_ClearCounterFlag), (14 bytes).
    Removing lpc17xx_systick.o(i.SYSTICK_Cmd), (84 bytes).
    Removing lpc17xx_systick.o(i.SYSTICK_ExternalInit), (62 bytes).
    Removing lpc17xx_systick.o(i.SYSTICK_GetCurrentValue), (8 bytes).
    Removing lpc17xx_systick.o(i.SYSTICK_IntCmd), (84 bytes).
    Removing lpc17xx_systick.o(i.SYSTICK_InternalInit), (80 bytes).
    Removing lpc17xx_timer.o(.emb_text), (8 bytes).
    Removing lpc17xx_timer.o(i.TIM_ClearIntCapturePending), (132 bytes).
    Removing lpc17xx_timer.o(i.TIM_ClearIntPending), (128 bytes).
    Removing lpc17xx_timer.o(i.TIM_Cmd), (112 bytes).
    Removing lpc17xx_timer.o(i.TIM_ConfigCapture), (176 bytes).
    Removing lpc17xx_timer.o(i.TIM_ConfigMatch), (280 bytes).
    Removing lpc17xx_timer.o(i.TIM_ConfigStructInit), (16 bytes).
    Removing lpc17xx_timer.o(i.TIM_DeInit), (144 bytes).
    Removing lpc17xx_timer.o(i.TIM_GetCaptureValue), (116 bytes).
    Removing lpc17xx_timer.o(i.TIM_GetIntCaptureStatus), (140 bytes).
    Removing lpc17xx_timer.o(i.TIM_GetIntStatus), (140 bytes).
    Removing lpc17xx_timer.o(i.TIM_Init), (396 bytes).
    Removing lpc17xx_timer.o(i.TIM_ResetCounter), (108 bytes).
    Removing lpc17xx_timer.o(i.TIM_UpdateMatchValue), (128 bytes).
    Removing lpc17xx_uart.o(.emb_text), (8 bytes).
    Removing lpc17xx_uart.o(i.UART_ABClearIntPending), (104 bytes).
    Removing lpc17xx_uart.o(i.UART_ABCmd), (220 bytes).
    Removing lpc17xx_uart.o(i.UART_CheckBusy), (14 bytes).
    Removing lpc17xx_uart.o(i.UART_ConfigStructInit), (18 bytes).
    Removing lpc17xx_uart.o(i.UART_DeInit), (172 bytes).
    Removing lpc17xx_uart.o(i.UART_FIFOConfig), (240 bytes).
    Removing lpc17xx_uart.o(i.UART_FIFOConfigStructInit), (14 bytes).
    Removing lpc17xx_uart.o(i.UART_ForceBreak), (104 bytes).
    Removing lpc17xx_uart.o(i.UART_FullModemConfigMode), (152 bytes).
    Removing lpc17xx_uart.o(i.UART_FullModemForcePinState), (140 bytes).
    Removing lpc17xx_uart.o(i.UART_FullModemGetStatus), (68 bytes).
    Removing lpc17xx_uart.o(i.UART_GetIntId), (104 bytes).
    Removing lpc17xx_uart.o(i.UART_GetLineStatus), (104 bytes).
    Removing lpc17xx_uart.o(i.UART_Init), (452 bytes).
    Removing lpc17xx_uart.o(i.UART_IntConfig), (264 bytes).
    Removing lpc17xx_uart.o(i.UART_IrDACmd), (104 bytes).
    Removing lpc17xx_uart.o(i.UART_IrDAInvtInputCmd), (108 bytes).
    Removing lpc17xx_uart.o(i.UART_IrDAPulseDivConfig), (132 bytes).
    Removing lpc17xx_uart.o(i.UART_RS485Config), (292 bytes).
    Removing lpc17xx_uart.o(i.UART_RS485ReceiverCmd), (22 bytes).
    Removing lpc17xx_uart.o(i.UART_RS485Send), (46 bytes).
    Removing lpc17xx_uart.o(i.UART_RS485SendData), (6 bytes).
    Removing lpc17xx_uart.o(i.UART_RS485SendSlvAddr), (14 bytes).
    Removing lpc17xx_uart.o(i.UART_Receive), (90 bytes).
    Removing lpc17xx_uart.o(i.UART_ReceiveByte), (100 bytes).
    Removing lpc17xx_uart.o(i.UART_Send), (132 bytes).
    Removing lpc17xx_uart.o(i.UART_SendByte), (100 bytes).
    Removing lpc17xx_uart.o(i.UART_TxCmd), (132 bytes).
    Removing lpc17xx_uart.o(i.uart_set_divisors), (336 bytes).
    Removing lpc17xx_i2c.o(.emb_text), (8 bytes).
    Removing lpc17xx_i2c.o(i.I2C_Cmd), (116 bytes).
    Removing lpc17xx_i2c.o(i.I2C_DeInit), (132 bytes).
    Removing lpc17xx_i2c.o(i.I2C_GetByte), (34 bytes).
    Removing lpc17xx_i2c.o(i.I2C_Init), (156 bytes).
    Removing lpc17xx_i2c.o(i.I2C_IntCmd), (84 bytes).
    Removing lpc17xx_i2c.o(i.I2C_MasterHandler), (364 bytes).
    Removing lpc17xx_i2c.o(i.I2C_MasterTransferComplete), (28 bytes).
    Removing lpc17xx_i2c.o(i.I2C_MasterTransferData), (328 bytes).
    Removing lpc17xx_i2c.o(i.I2C_MonitorGetDatabuffer), (92 bytes).
    Removing lpc17xx_i2c.o(i.I2C_MonitorHandler), (36 bytes).
    Removing lpc17xx_i2c.o(i.I2C_MonitorModeCmd), (144 bytes).
    Removing lpc17xx_i2c.o(i.I2C_MonitorModeConfig), (124 bytes).
    Removing lpc17xx_i2c.o(i.I2C_SendByte), (30 bytes).
    Removing lpc17xx_i2c.o(i.I2C_SetClock), (128 bytes).
    Removing lpc17xx_i2c.o(i.I2C_SetOwnSlaveAddr), (204 bytes).
    Removing lpc17xx_i2c.o(i.I2C_SlaveHandler), (212 bytes).
    Removing lpc17xx_i2c.o(i.I2C_SlaveTransferComplete), (28 bytes).
    Removing lpc17xx_i2c.o(i.I2C_SlaveTransferData), (252 bytes).
    Removing lpc17xx_i2c.o(i.I2C_Start), (24 bytes).
    Removing lpc17xx_i2c.o(i.I2C_Stop), (20 bytes).
    Removing lpc17xx_i2c.o(i.I2C_getNum), (48 bytes).
    Removing lpc17xx_i2c.o(i.NVIC_DisableIRQ), (24 bytes).
    Removing lpc17xx_i2c.o(i.NVIC_EnableIRQ), (24 bytes).
    Removing lpc17xx_i2c.o(.bss), (48 bytes).
    Removing lpc17xx_i2c.o(.data), (4 bytes).
    Removing lpc17xx_wdt.o(.emb_text), (8 bytes).
    Removing lpc17xx_wdt.o(i.WDT_ClrTimeOutFlag), (14 bytes).
    Removing lpc17xx_wdt.o(i.WDT_Feed), (16 bytes).
    Removing lpc17xx_wdt.o(i.WDT_GetCurrentCount), (8 bytes).
    Removing lpc17xx_wdt.o(i.WDT_Init), (112 bytes).
    Removing lpc17xx_wdt.o(i.WDT_ReadTimeOutFlag), (12 bytes).
    Removing lpc17xx_wdt.o(i.WDT_SetTimeOut), (120 bytes).
    Removing lpc17xx_wdt.o(i.WDT_Start), (36 bytes).
    Removing lpc17xx_wdt.o(i.WDT_UpdateTimeOut), (56 bytes).
    Removing lpc17xx_adc.o(.emb_text), (8 bytes).
    Removing lpc17xx_adc.o(i.ADC_BurstCmd), (88 bytes).
    Removing lpc17xx_adc.o(i.ADC_ChannelCmd), (88 bytes).
    Removing lpc17xx_adc.o(i.ADC_ChannelGetData), (80 bytes).
    Removing lpc17xx_adc.o(i.ADC_ChannelGetStatus), (112 bytes).
    Removing lpc17xx_adc.o(i.ADC_DeInit), (84 bytes).
    Removing lpc17xx_adc.o(i.ADC_EdgeStartConfig), (100 bytes).
    Removing lpc17xx_adc.o(i.ADC_GetData), (20 bytes).
    Removing lpc17xx_adc.o(i.ADC_GlobalGetData), (68 bytes).
    Removing lpc17xx_adc.o(i.ADC_GlobalGetStatus), (104 bytes).
    Removing lpc17xx_adc.o(i.ADC_Init), (132 bytes).
    Removing lpc17xx_adc.o(i.ADC_IntConfig), (132 bytes).
    Removing lpc17xx_adc.o(i.ADC_PowerdownCmd), (88 bytes).
    Removing lpc17xx_adc.o(i.ADC_StartCmd), (120 bytes).
    Removing ffltui.o(.text), (10 bytes).
    Removing cfrcmple.o(.text), (20 bytes).
    Removing fepilogue.o(.text), (108 bytes).
    Removing dadd.o(.text), (332 bytes).
    Removing dmul.o(.text), (224 bytes).
    Removing ddiv.o(.text), (222 bytes).
    Removing dfixul.o(.text), (48 bytes).
    Removing cdrcmple.o(.text), (40 bytes).
    Removing depilogue.o(.text), (190 bytes).

400 unused section(s) (total 50287 bytes) removed from the image.

==============================================================================

Image Symbol Table

    Local Symbols

    Symbol Name                              Value     Ov Type        Size  Object(Section)

    RESET                                    0x00000000   Section      204  startup_lpc17xx.o(RESET)
    ../../microlib/division.c                0x00000000   Number         0  uldiv.o ABSOLUTE
    ../../microlib/division.c                0x00000000   Number         0  uidiv.o ABSOLUTE
    ../../microlib/fpadd.c                   0x00000000   Number         0  dadd.o ABSOLUTE
    ../../microlib/fpdiv.c                   0x00000000   Number         0  ddiv.o ABSOLUTE
    ../../microlib/fpepilogue.c              0x00000000   Number         0  fepilogue.o ABSOLUTE
    ../../microlib/fpepilogue.c              0x00000000   Number         0  depilogue.o ABSOLUTE
    ../../microlib/fpfix.c                   0x00000000   Number         0  dfixul.o ABSOLUTE
    ../../microlib/fpflt.c                   0x00000000   Number         0  ffltui.o ABSOLUTE
    ../../microlib/fpmul.c                   0x00000000   Number         0  dmul.o ABSOLUTE
    ../../microlib/init/entry.s              0x00000000   Number         0  entry5.o ABSOLUTE
    ../../microlib/init/entry.s              0x00000000   Number         0  entry8.o ABSOLUTE
    ../../microlib/init/entry.s              0x00000000   Number         0  entry7a.o ABSOLUTE
    ../../microlib/init/entry.s              0x00000000   Number         0  entry7b.o ABSOLUTE
    ../../microlib/init/entry.s              0x00000000   Number         0  entry.o ABSOLUTE
    ../../microlib/init/entry.s              0x00000000   Number         0  entry2.o ABSOLUTE
    ../../microlib/longlong.c                0x00000000   Number         0  llsshr.o ABSOLUTE
    ../../microlib/longlong.c                0x00000000   Number         0  llshl.o ABSOLUTE
    ../../microlib/longlong.c                0x00000000   Number         0  llushr.o ABSOLUTE
    ../../microlib/printf/printf.c           0x00000000   Number         0  printf8.o ABSOLUTE
    ../../microlib/printf/printf.c           0x00000000   Number         0  printf7.o ABSOLUTE
    ../../microlib/printf/printf.c           0x00000000   Number         0  printf5.o ABSOLUTE
    ../../microlib/printf/printf.c           0x00000000   Number         0  printf4.o ABSOLUTE
    ../../microlib/printf/printf.c           0x00000000   Number         0  printf3.o ABSOLUTE
    ../../microlib/printf/printf.c           0x00000000   Number         0  printf2.o ABSOLUTE
    ../../microlib/printf/printf.c           0x00000000   Number         0  printf1.o ABSOLUTE
    ../../microlib/printf/printf.c           0x00000000   Number         0  printf0.o ABSOLUTE
    ../../microlib/printf/printf.c           0x00000000   Number         0  printfb.o ABSOLUTE
    ../../microlib/printf/printf.c           0x00000000   Number         0  printf6.o ABSOLUTE
    ../../microlib/printf/printf.c           0x00000000   Number         0  printfa.o ABSOLUTE
    ../../microlib/printf/stubs.s            0x00000000   Number         0  stubs.o ABSOLUTE
    ../../microlib/stdio/fputc.c             0x00000000   Number         0  fputc.o ABSOLUTE
    ../../microlib/stdio/semi.s              0x00000000   Number         0  semi.o ABSOLUTE
    ../../microlib/stdio/streams.c           0x00000000   Number         0  stdout.o ABSOLUTE
    ../../microlib/string/memcpy.c           0x00000000   Number         0  memcpya.o ABSOLUTE
    ../../microlib/string/memcpy.c           0x00000000   Number         0  memcpyb.o ABSOLUTE
    ../../microlib/string/memset.c           0x00000000   Number         0  memseta.o ABSOLUTE
    ../../microlib/stubs.s                   0x00000000   Number         0  iusesemip.o ABSOLUTE
    ../../microlib/stubs.s                   0x00000000   Number         0  iusefp.o ABSOLUTE
    ..\NXPLibraries\CMSIS\CM3\CoreSupport\core_cm3.c 0x00000000   Number         0  core_cm3.o ABSOLUTE
    ..\NXPLibraries\CMSIS\CM3\DeviceSupport\NXP\LPC17xx\startup\arm\startup_LPC17xx.s 0x00000000   Number         0  startup_lpc17xx.o ABSOLUTE
    ..\NXPLibraries\CMSIS\CM3\DeviceSupport\NXP\LPC17xx\system_LPC17xx.c 0x00000000   Number         0  system_lpc17xx.o ABSOLUTE
    ..\NXPLibraries\source\debug_frmwrk.c    0x00000000   Number         0  debug_frmwrk.o ABSOLUTE
    ..\NXPLibraries\source\lpc17xx_adc.c     0x00000000   Number         0  lpc17xx_adc.o ABSOLUTE
    ..\NXPLibraries\source\lpc17xx_clkpwr.c  0x00000000   Number         0  lpc17xx_clkpwr.o ABSOLUTE
    ..\NXPLibraries\source\lpc17xx_emac.c    0x00000000   Number         0  lpc17xx_emac.o ABSOLUTE
    ..\NXPLibraries\source\lpc17xx_gpio.c    0x00000000   Number         0  lpc17xx_gpio.o ABSOLUTE
    ..\NXPLibraries\source\lpc17xx_i2c.c     0x00000000   Number         0  lpc17xx_i2c.o ABSOLUTE
    ..\NXPLibraries\source\lpc17xx_pinsel.c  0x00000000   Number         0  lpc17xx_pinsel.o ABSOLUTE
    ..\NXPLibraries\source\lpc17xx_rtc.c     0x00000000   Number         0  lpc17xx_rtc.o ABSOLUTE
    ..\NXPLibraries\source\lpc17xx_systick.c 0x00000000   Number         0  lpc17xx_systick.o ABSOLUTE
    ..\NXPLibraries\source\lpc17xx_timer.c   0x00000000   Number         0  lpc17xx_timer.o ABSOLUTE
    ..\NXPLibraries\source\lpc17xx_uart.c    0x00000000   Number         0  lpc17xx_uart.o ABSOLUTE
    ..\NXPLibraries\source\lpc17xx_wdt.c     0x00000000   Number         0  lpc17xx_wdt.o ABSOLUTE
    ..\UCOS\uC-CONF\OS_AppHooks.c            0x00000000   Number         0  os_apphooks.o ABSOLUTE
    ..\UCOS\uCOS-II\Ports\ARM-Cortex-M3\RealView\os_cpu_a.asm 0x00000000   Number         0  os_cpu_a.o ABSOLUTE
    ..\UCOS\uCOS-II\Ports\ARM-Cortex-M3\RealView\os_cpu_c.c 0x00000000   Number         0  os_cpu_c.o ABSOLUTE
    ..\UCOS\uCOS-II\Ports\ARM-Cortex-M3\RealView\os_dbg.c 0x00000000   Number         0  os_dbg.o ABSOLUTE
    ..\UCOS\uCOS-II\Source\os_core.c         0x00000000   Number         0  os_core.o ABSOLUTE
    ..\UCOS\uCOS-II\Source\os_flag.c         0x00000000   Number         0  os_flag.o ABSOLUTE
    ..\UCOS\uCOS-II\Source\os_mbox.c         0x00000000   Number         0  os_mbox.o ABSOLUTE
    ..\UCOS\uCOS-II\Source\os_mem.c          0x00000000   Number         0  os_mem.o ABSOLUTE
    ..\UCOS\uCOS-II\Source\os_mutex.c        0x00000000   Number         0  os_mutex.o ABSOLUTE
    ..\UCOS\uCOS-II\Source\os_q.c            0x00000000   Number         0  os_q.o ABSOLUTE
    ..\UCOS\uCOS-II\Source\os_sem.c          0x00000000   Number         0  os_sem.o ABSOLUTE
    ..\UCOS\uCOS-II\Source\os_task.c         0x00000000   Number         0  os_task.o ABSOLUTE
    ..\UCOS\uCOS-II\Source\os_time.c         0x00000000   Number         0  os_time.o ABSOLUTE
    ..\UCOS\uCOS-II\Source\os_tmr.c          0x00000000   Number         0  os_tmr.o ABSOLUTE
    ..\USER\App.c                            0x00000000   Number         0  app.o ABSOLUTE
    ..\USER\AppGlobal.c                      0x00000000   Number         0  appglobal.o ABSOLUTE
    ..\USER\AppTcpIP.c                       0x00000000   Number         0  apptcpip.o ABSOLUTE
    ..\USER\main.c                           0x00000000   Number         0  main.o ABSOLUTE
    ..\\NXPLibraries\\CMSIS\\CM3\\DeviceSupport\\NXP\\LPC17xx\\system_LPC17xx.c 0x00000000   Number         0  system_lpc17xx.o ABSOLUTE
    ..\\NXPLibraries\\source\\debug_frmwrk.c 0x00000000   Number         0  debug_frmwrk.o ABSOLUTE
    ..\\NXPLibraries\\source\\lpc17xx_adc.c  0x00000000   Number         0  lpc17xx_adc.o ABSOLUTE
    ..\\NXPLibraries\\source\\lpc17xx_clkpwr.c 0x00000000   Number         0  lpc17xx_clkpwr.o ABSOLUTE
    ..\\NXPLibraries\\source\\lpc17xx_emac.c 0x00000000   Number         0  lpc17xx_emac.o ABSOLUTE
    ..\\NXPLibraries\\source\\lpc17xx_gpio.c 0x00000000   Number         0  lpc17xx_gpio.o ABSOLUTE
    ..\\NXPLibraries\\source\\lpc17xx_i2c.c  0x00000000   Number         0  lpc17xx_i2c.o ABSOLUTE
    ..\\NXPLibraries\\source\\lpc17xx_pinsel.c 0x00000000   Number         0  lpc17xx_pinsel.o ABSOLUTE
    ..\\NXPLibraries\\source\\lpc17xx_rtc.c  0x00000000   Number         0  lpc17xx_rtc.o ABSOLUTE
    ..\\NXPLibraries\\source\\lpc17xx_systick.c 0x00000000   Number         0  lpc17xx_systick.o ABSOLUTE
    ..\\NXPLibraries\\source\\lpc17xx_timer.c 0x00000000   Number         0  lpc17xx_timer.o ABSOLUTE
    ..\\NXPLibraries\\source\\lpc17xx_uart.c 0x00000000   Number         0  lpc17xx_uart.o ABSOLUTE
    ..\\NXPLibraries\\source\\lpc17xx_wdt.c  0x00000000   Number         0  lpc17xx_wdt.o ABSOLUTE
    ..\\UCOS\\uC-CONF\\OS_AppHooks.c         0x00000000   Number         0  os_apphooks.o ABSOLUTE
    ..\\USER\\App.c                          0x00000000   Number         0  app.o ABSOLUTE
    ..\\USER\\AppGlobal.c                    0x00000000   Number         0  appglobal.o ABSOLUTE
    ..\\USER\\AppTcpIP.c                     0x00000000   Number         0  apptcpip.o ABSOLUTE
    ..\\USER\\main.c                         0x00000000   Number         0  main.o ABSOLUTE
    ..\\lpc17xx_port\\clock-arch.c           0x00000000   Number         0  clock-arch.o ABSOLUTE
    ..\\lpc17xx_port\\emac.c                 0x00000000   Number         0  emac.o ABSOLUTE
    ..\\userlib\\AppDebug.c                  0x00000000   Number         0  appdebug.o ABSOLUTE
    ..\\userlib\\IAP.c                       0x00000000   Number         0  iap.o ABSOLUTE
    ..\\userlib\\RTCTime.c                   0x00000000   Number         0  rtctime.o ABSOLUTE
    ..\lpc17xx_port\clock-arch.c             0x00000000   Number         0  clock-arch.o ABSOLUTE
    ..\lpc17xx_port\emac.c                   0x00000000   Number         0  emac.o ABSOLUTE
    ..\uip\psock.c                           0x00000000   Number         0  psock.o ABSOLUTE
    ..\uip\timer.c                           0x00000000   Number         0  timer.o ABSOLUTE
    ..\uip\uip-fw.c                          0x00000000   Number         0  uip-fw.o ABSOLUTE
    ..\uip\uip-neighbor.c                    0x00000000   Number         0  uip-neighbor.o ABSOLUTE
    ..\uip\uip.c                             0x00000000   Number         0  uip.o ABSOLUTE
    ..\uip\uip_arp.c                         0x00000000   Number         0  uip_arp.o ABSOLUTE
    ..\uip\uiplib.c                          0x00000000   Number         0  uiplib.o ABSOLUTE
    ..\userlib\AppDebug.c                    0x00000000   Number         0  appdebug.o ABSOLUTE
    ..\userlib\IAP.c                         0x00000000   Number         0  iap.o ABSOLUTE
    ..\userlib\RTCTime.c                     0x00000000   Number         0  rtctime.o ABSOLUTE
    cdrcmple.s                               0x00000000   Number         0  cdrcmple.o ABSOLUTE
    cfrcmple.s                               0x00000000   Number         0  cfrcmple.o ABSOLUTE
    dc.s                                     0x00000000   Number         0  dc.o ABSOLUTE
    handlers.s                               0x00000000   Number         0  handlers.o ABSOLUTE
    init.s                                   0x00000000   Number         0  init.o ABSOLUTE
    .ARM.Collect$$$$00000000                 0x000000cc   Section        0  entry.o(.ARM.Collect$$$$00000000)
    .ARM.Collect$$$$00000001                 0x000000cc   Section        4  entry2.o(.ARM.Collect$$$$00000001)
    .ARM.Collect$$$$00000004                 0x000000d0   Section        4  entry5.o(.ARM.Collect$$$$00000004)
    .ARM.Collect$$$$00000008                 0x000000d4   Section        0  entry7b.o(.ARM.Collect$$$$00000008)
    .ARM.Collect$$$$00000009                 0x000000d4   Section        8  entry8.o(.ARM.Collect$$$$00000009)
    .ARM.Collect$$$$00002712                 0x000000dc   Section        4  entry2.o(.ARM.Collect$$$$00002712)
    __lit__00000000                          0x000000dc   Data           4  entry2.o(.ARM.Collect$$$$00002712)
    .text                                    0x000000e0   Section       36  startup_lpc17xx.o(.text)
    .text                                    0x00000104   Section       36  init.o(.text)
    OSKernelschedular                        0x00000128   Section      160  os_cpu_a.o(OSKernelschedular)
    i.AppTaskStart                           0x000001c8   Section        0  main.o(i.AppTaskStart)
    AppTaskStart                             0x000001c9   Thumb Code     6  main.o(i.AppTaskStart)
    i.App_TCBInitHook                        0x000001ce   Section        0  os_apphooks.o(i.App_TCBInitHook)
    i.App_TaskCreateHook                     0x000001d0   Section        0  os_apphooks.o(i.App_TaskCreateHook)
    i.App_TaskDelHook                        0x000001d2   Section        0  os_apphooks.o(i.App_TaskDelHook)
    i.App_TaskIdleHook                       0x000001d4   Section        0  os_apphooks.o(i.App_TaskIdleHook)
    i.App_TaskStatHook                       0x000001d6   Section        0  os_apphooks.o(i.App_TaskStatHook)
    i.App_TimeTickHook                       0x000001d8   Section        0  os_apphooks.o(i.App_TimeTickHook)
    i.OSDebugInit                            0x000001da   Section        0  os_dbg.o(i.OSDebugInit)
    i.OSEventNameSet                         0x000001dc   Section        0  os_core.o(i.OSEventNameSet)
    i.OSInit                                 0x00000228   Section        0  os_core.o(i.OSInit)
    i.OSInitHookBegin                        0x00000310   Section        0  os_cpu_c.o(i.OSInitHookBegin)
    i.OSInitHookEnd                          0x0000031c   Section        0  os_cpu_c.o(i.OSInitHookEnd)
    i.OSIntExit                              0x00000320   Section        0  os_core.o(i.OSIntExit)
    i.OSSchedLock                            0x0000037c   Section        0  os_core.o(i.OSSchedLock)
    i.OSSchedUnlock                          0x000003a8   Section        0  os_core.o(i.OSSchedUnlock)
    i.OSSemCreate                            0x000003e4   Section        0  os_sem.o(i.OSSemCreate)
    i.OSSemPend                              0x00000430   Section        0  os_sem.o(i.OSSemPend)
    i.OSSemPost                              0x000004f0   Section        0  os_sem.o(i.OSSemPost)
    i.OSStart                                0x00000548   Section        0  os_core.o(i.OSStart)
    i.OSTCBInitHook                          0x00000578   Section        0  os_cpu_c.o(i.OSTCBInitHook)
    i.OSTaskCreate                           0x0000057c   Section        0  os_task.o(i.OSTaskCreate)
    i.OSTaskCreateExt                        0x0000060c   Section        0  os_task.o(i.OSTaskCreateExt)
    i.OSTaskCreateHook                       0x000006b0   Section        0  os_cpu_c.o(i.OSTaskCreateHook)
    i.OSTaskDel                              0x000006b4   Section        0  os_task.o(i.OSTaskDel)
    i.OSTaskDelHook                          0x00000804   Section        0  os_cpu_c.o(i.OSTaskDelHook)
    i.OSTaskIdleHook                         0x00000808   Section        0  os_cpu_c.o(i.OSTaskIdleHook)
    i.OSTaskNameSet                          0x0000080c   Section        0  os_task.o(i.OSTaskNameSet)
    i.OSTaskReturnHook                       0x00000878   Section        0  os_apphooks.o(i.OSTaskReturnHook)
    i.OSTaskStatHook                         0x0000087a   Section        0  os_cpu_c.o(i.OSTaskStatHook)
    i.OSTaskStkChk                           0x00000880   Section        0  os_task.o(i.OSTaskStkChk)
    i.OSTaskStkInit                          0x00000908   Section        0  os_cpu_c.o(i.OSTaskStkInit)
    i.OSTaskSuspend                          0x00000970   Section        0  os_task.o(i.OSTaskSuspend)
    i.OSTimeDly                              0x00000a20   Section        0  os_time.o(i.OSTimeDly)
    i.OSTimeTick                             0x00000a8c   Section        0  os_core.o(i.OSTimeTick)
    i.OSTimeTickHook                         0x00000b38   Section        0  os_cpu_c.o(i.OSTimeTickHook)
    i.OSTmrSignal                            0x00000b60   Section        0  os_tmr.o(i.OSTmrSignal)
    i.OSTmr_Init                             0x00000b6c   Section        0  os_tmr.o(i.OSTmr_Init)
    i.OSTmr_Link                             0x00000c94   Section        0  os_tmr.o(i.OSTmr_Link)
    OSTmr_Link                               0x00000c95   Thumb Code    64  os_tmr.o(i.OSTmr_Link)
    i.OSTmr_Task                             0x00000cdc   Section        0  os_tmr.o(i.OSTmr_Task)
    OSTmr_Task                               0x00000cdd   Thumb Code   106  os_tmr.o(i.OSTmr_Task)
    i.OSTmr_Unlink                           0x00000d54   Section        0  os_tmr.o(i.OSTmr_Unlink)
    OSTmr_Unlink                             0x00000d55   Thumb Code    58  os_tmr.o(i.OSTmr_Unlink)
    i.OS_Dummy                               0x00000d94   Section        0  os_core.o(i.OS_Dummy)
    i.OS_EventTaskRdy                        0x00000d98   Section        0  os_core.o(i.OS_EventTaskRdy)
    i.OS_EventTaskRemove                     0x00000e10   Section        0  os_core.o(i.OS_EventTaskRemove)
    i.OS_EventTaskRemoveMulti                0x00000e34   Section        0  os_core.o(i.OS_EventTaskRemoveMulti)
    i.OS_EventTaskWait                       0x00000e64   Section        0  os_core.o(i.OS_EventTaskWait)
    i.OS_EventWaitListInit                   0x00000eb8   Section        0  os_core.o(i.OS_EventWaitListInit)
    i.OS_FlagInit                            0x00000ecc   Section        0  os_flag.o(i.OS_FlagInit)
    i.OS_FlagUnlink                          0x00000f18   Section        0  os_flag.o(i.OS_FlagUnlink)
    i.OS_InitEventList                       0x00000f38   Section        0  os_core.o(i.OS_InitEventList)
    OS_InitEventList                         0x00000f39   Thumb Code    76  os_core.o(i.OS_InitEventList)
    i.OS_InitTCBList                         0x00000f90   Section        0  os_core.o(i.OS_InitTCBList)
    OS_InitTCBList                           0x00000f91   Thumb Code    94  os_core.o(i.OS_InitTCBList)
    i.OS_MemClr                              0x00001000   Section        0  os_core.o(i.OS_MemClr)
    i.OS_MemInit                             0x00001014   Section        0  os_mem.o(i.OS_MemInit)
    i.OS_QInit                               0x00001060   Section        0  os_q.o(i.OS_QInit)
    i.OS_Sched                               0x000010a0   Section        0  os_core.o(i.OS_Sched)
    i.OS_SchedNew                            0x000010e8   Section        0  os_core.o(i.OS_SchedNew)
    OS_SchedNew                              0x000010e9   Thumb Code    24  os_core.o(i.OS_SchedNew)
    i.OS_TCBInit                             0x00001108   Section        0  os_core.o(i.OS_TCBInit)
    i.OS_TaskIdle                            0x00001200   Section        0  os_core.o(i.OS_TaskIdle)
    i.OS_TaskReturn                          0x0000121c   Section        0  os_task.o(i.OS_TaskReturn)
    i.OS_TaskStat                            0x00001234   Section        0  os_core.o(i.OS_TaskStat)
    i.OS_TaskStatStkChk                      0x0000128c   Section        0  os_core.o(i.OS_TaskStatStkChk)
    i.OS_TaskStkClr                          0x000012c4   Section        0  os_task.o(i.OS_TaskStkClr)
    i.SysTick_Handler                        0x000012dc   Section        0  os_cpu_c.o(i.SysTick_Handler)
    i.SystemInit                             0x00001300   Section        0  system_lpc17xx.o(i.SystemInit)
    i.__scatterload_copy                     0x000013c4   Section       14  handlers.o(i.__scatterload_copy)
    i.__scatterload_null                     0x000013d2   Section        2  handlers.o(i.__scatterload_null)
    i.__scatterload_zeroinit                 0x000013d4   Section       14  handlers.o(i.__scatterload_zeroinit)
    i.c_entry                                0x000013e4   Section        0  main.o(i.c_entry)
    i.main                                   0x00001408   Section        0  main.o(i.main)
    .constdata                               0x0000140c   Section      256  os_core.o(.constdata)
    .data                                    0x10000000   Section        2  os_cpu_c.o(.data)
    OSTmrCtr                                 0x10000000   Data           2  os_cpu_c.o(.data)
    .data                                    0x10000004   Section       60  os_core.o(.data)
    .data                                    0x10000040   Section        4  os_core.o(.data)
    .data                                    0x10000044   Section        4  os_core.o(.data)
    .data                                    0x10000048   Section        4  os_core.o(.data)
    .data                                    0x1000004c   Section        2  os_core.o(.data)
    .data                                    0x1000004e   Section        2  os_core.o(.data)
    .data                                    0x10000050   Section        4  os_core.o(.data)
    .data                                    0x10000054   Section        4  os_core.o(.data)
    .data                                    0x10000058   Section        4  os_core.o(.data)
    .data                                    0x1000005c   Section        4  os_core.o(.data)
    .bss                                     0x10000060   Section      920  main.o(.bss)
    App_TaskStartStk                         0x10000060   Data         920  main.o(.bss)
    .bss                                     0x100003f8   Section       80  os_core.o(.bss)
    .bss                                     0x10000448   Section      120  os_core.o(.bss)
    .bss                                     0x100004c0   Section       96  os_core.o(.bss)
    .bss                                     0x10000520   Section      640  os_core.o(.bss)
    .bss                                     0x100007a0   Section      256  os_core.o(.bss)
    .bss                                     0x100008a0   Section       64  os_core.o(.bss)
    STACK                                    0x100008e0   Section      512  startup_lpc17xx.o(STACK)
    .bss                                     0x2007c000   Section     3056  os_core.o(.bss)

    Global Symbols

    Symbol Name                              Value     Ov Type        Size  Object(Section)

    BuildAttributes$$THM_ISAv4$P$D$K$B$S$PE$A:L22UL41UL21$X:L11$S22US41US21$IEEE1$IW$USESV6$~STKCKD$USESV7$~SHL$OTIME$ROPI$EBA8$MICROLIB$REQ8$PRES8$EABIv2 0x00000000   Number         0  anon$$obj.o ABSOLUTE
    __ARM_use_no_argv                        0x00000000   Number         0  main.o ABSOLUTE
    __Vectors                                0x00000000   Data           4  startup_lpc17xx.o(RESET)
    _printf_a                                0x00000000   Number         0  stubs.o ABSOLUTE
    _printf_c                                0x00000000   Number         0  stubs.o ABSOLUTE
    _printf_charcount                        0x00000000   Number         0  stubs.o ABSOLUTE
    _printf_d                                0x00000000   Number         0  stubs.o ABSOLUTE
    _printf_e                                0x00000000   Number         0  stubs.o ABSOLUTE
    _printf_f                                0x00000000   Number         0  stubs.o ABSOLUTE
    _printf_flags                            0x00000000   Number         0  stubs.o ABSOLUTE
    _printf_fp_dec                           0x00000000   Number         0  stubs.o ABSOLUTE
    _printf_fp_hex                           0x00000000   Number         0  stubs.o ABSOLUTE
    _printf_g                                0x00000000   Number         0  stubs.o ABSOLUTE
    _printf_i                                0x00000000   Number         0  stubs.o ABSOLUTE
    _printf_int_dec                          0x00000000   Number         0  stubs.o ABSOLUTE
    _printf_l                                0x00000000   Number         0  stubs.o ABSOLUTE
    _printf_lc                               0x00000000   Number         0  stubs.o ABSOLUTE
    _printf_ll                               0x00000000   Number         0  stubs.o ABSOLUTE
    _printf_lld                              0x00000000   Number         0  stubs.o ABSOLUTE
    _printf_lli                              0x00000000   Number         0  stubs.o ABSOLUTE
    _printf_llo                              0x00000000   Number         0  stubs.o ABSOLUTE
    _printf_llu                              0x00000000   Number         0  stubs.o ABSOLUTE
    _printf_llx                              0x00000000   Number         0  stubs.o ABSOLUTE
    _printf_longlong_dec                     0x00000000   Number         0  stubs.o ABSOLUTE
    _printf_longlong_hex                     0x00000000   Number         0  stubs.o ABSOLUTE
    _printf_longlong_oct                     0x00000000   Number         0  stubs.o ABSOLUTE
    _printf_ls                               0x00000000   Number         0  stubs.o ABSOLUTE
    _printf_mbtowc                           0x00000000   Number         0  stubs.o ABSOLUTE
    _printf_n                                0x00000000   Number         0  stubs.o ABSOLUTE
    _printf_o                                0x00000000   Number         0  stubs.o ABSOLUTE
    _printf_p                                0x00000000   Number         0  stubs.o ABSOLUTE
    _printf_percent                          0x00000000   Number         0  stubs.o ABSOLUTE
    _printf_pre_padding                      0x00000000   Number         0  stubs.o ABSOLUTE
    _printf_return_value                     0x00000000   Number         0  stubs.o ABSOLUTE
    _printf_s                                0x00000000   Number         0  stubs.o ABSOLUTE
    _printf_sizespec                         0x00000000   Number         0  stubs.o ABSOLUTE
    _printf_str                              0x00000000   Number         0  stubs.o ABSOLUTE
    _printf_truncate_signed                  0x00000000   Number         0  stubs.o ABSOLUTE
    _printf_truncate_unsigned                0x00000000   Number         0  stubs.o ABSOLUTE
    _printf_u                                0x00000000   Number         0  stubs.o ABSOLUTE
    _printf_wc                               0x00000000   Number         0  stubs.o ABSOLUTE
    _printf_wctomb                           0x00000000   Number         0  stubs.o ABSOLUTE
    _printf_widthprec                        0x00000000   Number         0  stubs.o ABSOLUTE
    _printf_x                                0x00000000   Number         0  stubs.o ABSOLUTE
    __decompress                              - Undefined Weak Reference
    _clock_init                               - Undefined Weak Reference
    __main                                   0x000000cd   Thumb Code     0  entry.o(.ARM.Collect$$$$00000000)
    _main_stk                                0x000000cd   Thumb Code     0  entry2.o(.ARM.Collect$$$$00000001)
    _main_scatterload                        0x000000d1   Thumb Code     0  entry5.o(.ARM.Collect$$$$00000004)
    __main_after_scatterload                 0x000000d5   Thumb Code     0  entry5.o(.ARM.Collect$$$$00000004)
    _main_clock                              0x000000d5   Thumb Code     0  entry7b.o(.ARM.Collect$$$$00000008)
    _main_init                               0x000000d5   Thumb Code     0  entry8.o(.ARM.Collect$$$$00000009)
    Reset_Handler                            0x000000e1   Thumb Code     8  startup_lpc17xx.o(.text)
    NMI_Handler                              0x000000e9   Thumb Code     2  startup_lpc17xx.o(.text)
    HardFault_Handler                        0x000000eb   Thumb Code     2  startup_lpc17xx.o(.text)
    MemManage_Handler                        0x000000ed   Thumb Code     2  startup_lpc17xx.o(.text)
    BusFault_Handler                         0x000000ef   Thumb Code     2  startup_lpc17xx.o(.text)
    UsageFault_Handler                       0x000000f1   Thumb Code     2  startup_lpc17xx.o(.text)
    SVC_Handler                              0x000000f3   Thumb Code     2  startup_lpc17xx.o(.text)
    DebugMon_Handler                         0x000000f5   Thumb Code     2  startup_lpc17xx.o(.text)
    ADC_IRQHandler                           0x000000fb   Thumb Code     0  startup_lpc17xx.o(.text)
    BOD_IRQHandler                           0x000000fb   Thumb Code     0  startup_lpc17xx.o(.text)
    CANActivity_IRQHandler                   0x000000fb   Thumb Code     0  startup_lpc17xx.o(.text)
    CAN_IRQHandler                           0x000000fb   Thumb Code     0  startup_lpc17xx.o(.text)
    DMA_IRQHandler                           0x000000fb   Thumb Code     0  startup_lpc17xx.o(.text)
    EINT0_IRQHandler                         0x000000fb   Thumb Code     0  startup_lpc17xx.o(.text)
    EINT1_IRQHandler                         0x000000fb   Thumb Code     0  startup_lpc17xx.o(.text)
    EINT2_IRQHandler                         0x000000fb   Thumb Code     0  startup_lpc17xx.o(.text)
    EINT3_IRQHandler                         0x000000fb   Thumb Code     0  startup_lpc17xx.o(.text)
    ENET_IRQHandler                          0x000000fb   Thumb Code     0  startup_lpc17xx.o(.text)
    I2C0_IRQHandler                          0x000000fb   Thumb Code     0  startup_lpc17xx.o(.text)
    I2C1_IRQHandler                          0x000000fb   Thumb Code     0  startup_lpc17xx.o(.text)
    I2C2_IRQHandler                          0x000000fb   Thumb Code     0  startup_lpc17xx.o(.text)
    I2S_IRQHandler                           0x000000fb   Thumb Code     0  startup_lpc17xx.o(.text)
    MCPWM_IRQHandler                         0x000000fb   Thumb Code     0  startup_lpc17xx.o(.text)
    PLL0_IRQHandler                          0x000000fb   Thumb Code     0  startup_lpc17xx.o(.text)
    PLL1_IRQHandler                          0x000000fb   Thumb Code     0  startup_lpc17xx.o(.text)
    PWM1_IRQHandler                          0x000000fb   Thumb Code     0  startup_lpc17xx.o(.text)
    QEI_IRQHandler                           0x000000fb   Thumb Code     0  startup_lpc17xx.o(.text)
    RIT_IRQHandler                           0x000000fb   Thumb Code     0  startup_lpc17xx.o(.text)
    RTC_IRQHandler                           0x000000fb   Thumb Code     0  startup_lpc17xx.o(.text)
    SPI_IRQHandler                           0x000000fb   Thumb Code     0  startup_lpc17xx.o(.text)
    SSP0_IRQHandler                          0x000000fb   Thumb Code     0  startup_lpc17xx.o(.text)
    SSP1_IRQHandler                          0x000000fb   Thumb Code     0  startup_lpc17xx.o(.text)
    TIMER0_IRQHandler                        0x000000fb   Thumb Code     0  startup_lpc17xx.o(.text)
    TIMER1_IRQHandler                        0x000000fb   Thumb Code     0  startup_lpc17xx.o(.text)
    TIMER2_IRQHandler                        0x000000fb   Thumb Code     0  startup_lpc17xx.o(.text)
    TIMER3_IRQHandler                        0x000000fb   Thumb Code     0  startup_lpc17xx.o(.text)
    UART0_IRQHandler                         0x000000fb   Thumb Code     0  startup_lpc17xx.o(.text)
    UART1_IRQHandler                         0x000000fb   Thumb Code     0  startup_lpc17xx.o(.text)
    UART2_IRQHandler                         0x000000fb   Thumb Code     0  startup_lpc17xx.o(.text)
    UART3_IRQHandler                         0x000000fb   Thumb Code     0  startup_lpc17xx.o(.text)
    USBActivity_IRQHandler                   0x000000fb   Thumb Code     0  startup_lpc17xx.o(.text)
    USB_IRQHandler                           0x000000fb   Thumb Code     0  startup_lpc17xx.o(.text)
    WDT_IRQHandler                           0x000000fb   Thumb Code     0  startup_lpc17xx.o(.text)
    __scatterload                            0x00000105   Thumb Code    28  init.o(.text)
    __scatterload_rt2                        0x00000105   Thumb Code     0  init.o(.text)
    OS_CPU_SR_Save                           0x00000129   Thumb Code     0  os_cpu_a.o(OSKernelschedular)
    OS_CPU_SR_Restore                        0x00000131   Thumb Code     0  os_cpu_a.o(OSKernelschedular)
    OSStartHighRdy                           0x00000137   Thumb Code     0  os_cpu_a.o(OSKernelschedular)
    OSCtxSw                                  0x00000157   Thumb Code     0  os_cpu_a.o(OSKernelschedular)
    OSIntCtxSw                               0x00000161   Thumb Code     0  os_cpu_a.o(OSKernelschedular)
    PendSV_Handler                           0x0000016b   Thumb Code     0  os_cpu_a.o(OSKernelschedular)
    IntDisAll                                0x000001a3   Thumb Code     0  os_cpu_a.o(OSKernelschedular)
    App_TCBInitHook                          0x000001cf   Thumb Code     2  os_apphooks.o(i.App_TCBInitHook)
    App_TaskCreateHook                       0x000001d1   Thumb Code     2  os_apphooks.o(i.App_TaskCreateHook)
    App_TaskDelHook                          0x000001d3   Thumb Code     2  os_apphooks.o(i.App_TaskDelHook)
    App_TaskIdleHook                         0x000001d5   Thumb Code     2  os_apphooks.o(i.App_TaskIdleHook)
    App_TaskStatHook                         0x000001d7   Thumb Code     2  os_apphooks.o(i.App_TaskStatHook)
    App_TimeTickHook                         0x000001d9   Thumb Code     2  os_apphooks.o(i.App_TimeTickHook)
    OSDebugInit                              0x000001db   Thumb Code     2  os_dbg.o(i.OSDebugInit)
    OSEventNameSet                           0x000001dd   Thumb Code    70  os_core.o(i.OSEventNameSet)
    OSInit                                   0x00000229   Thumb Code   178  os_core.o(i.OSInit)
    OSInitHookBegin                          0x00000311   Thumb Code     8  os_cpu_c.o(i.OSInitHookBegin)
    OSInitHookEnd                            0x0000031d   Thumb Code     2  os_cpu_c.o(i.OSInitHookEnd)
    OSIntExit                                0x00000321   Thumb Code    82  os_core.o(i.OSIntExit)
    OSSchedLock                              0x0000037d   Thumb Code    38  os_core.o(i.OSSchedLock)
    OSSchedUnlock                            0x000003a9   Thumb Code    54  os_core.o(i.OSSchedUnlock)
    OSSemCreate                              0x000003e5   Thumb Code    62  os_sem.o(i.OSSemCreate)
    OSSemPend                                0x00000431   Thumb Code   180  os_sem.o(i.OSSemPend)
    OSSemPost                                0x000004f1   Thumb Code    88  os_sem.o(i.OSSemPost)
    OSStart                                  0x00000549   Thumb Code    38  os_core.o(i.OSStart)
    OSTCBInitHook                            0x00000579   Thumb Code     4  os_cpu_c.o(i.OSTCBInitHook)
    OSTaskCreate                             0x0000057d   Thumb Code   132  os_task.o(i.OSTaskCreate)
    OSTaskCreateExt                          0x0000060d   Thumb Code   152  os_task.o(i.OSTaskCreateExt)
    OSTaskCreateHook                         0x000006b1   Thumb Code     4  os_cpu_c.o(i.OSTaskCreateHook)
    OSTaskDel                                0x000006b5   Thumb Code   292  os_task.o(i.OSTaskDel)
    OSTaskDelHook                            0x00000805   Thumb Code     4  os_cpu_c.o(i.OSTaskDelHook)
    OSTaskIdleHook                           0x00000809   Thumb Code     4  os_cpu_c.o(i.OSTaskIdleHook)
    OSTaskNameSet                            0x0000080d   Thumb Code    94  os_task.o(i.OSTaskNameSet)
    OSTaskReturnHook                         0x00000879   Thumb Code     2  os_apphooks.o(i.OSTaskReturnHook)
    OSTaskStatHook                           0x0000087b   Thumb Code     4  os_cpu_c.o(i.OSTaskStatHook)
    OSTaskStkChk                             0x00000881   Thumb Code   128  os_task.o(i.OSTaskStkChk)
    OSTaskStkInit                            0x00000909   Thumb Code    98  os_cpu_c.o(i.OSTaskStkInit)
    OSTaskSuspend                            0x00000971   Thumb Code   158  os_task.o(i.OSTaskSuspend)
    OSTimeDly                                0x00000a21   Thumb Code    88  os_time.o(i.OSTimeDly)
    OSTimeTick                               0x00000a8d   Thumb Code   166  os_core.o(i.OSTimeTick)
    OSTimeTickHook                           0x00000b39   Thumb Code    34  os_cpu_c.o(i.OSTimeTickHook)
    OSTmrSignal                              0x00000b61   Thumb Code     8  os_tmr.o(i.OSTmrSignal)
    OSTmr_Init                               0x00000b6d   Thumb Code   194  os_tmr.o(i.OSTmr_Init)
    OS_Dummy                                 0x00000d95   Thumb Code     2  os_core.o(i.OS_Dummy)
    OS_EventTaskRdy                          0x00000d99   Thumb Code   108  os_core.o(i.OS_EventTaskRdy)
    OS_EventTaskRemove                       0x00000e11   Thumb Code    36  os_core.o(i.OS_EventTaskRemove)
    OS_EventTaskRemoveMulti                  0x00000e35   Thumb Code    48  os_core.o(i.OS_EventTaskRemoveMulti)
    OS_EventTaskWait                         0x00000e65   Thumb Code    80  os_core.o(i.OS_EventTaskWait)
    OS_EventWaitListInit                     0x00000eb9   Thumb Code    20  os_core.o(i.OS_EventWaitListInit)
    OS_FlagInit                              0x00000ecd   Thumb Code    62  os_flag.o(i.OS_FlagInit)
    OS_FlagUnlink                            0x00000f19   Thumb Code    32  os_flag.o(i.OS_FlagUnlink)
    OS_MemClr                                0x00001001   Thumb Code    18  os_core.o(i.OS_MemClr)
    OS_MemInit                               0x00001015   Thumb Code    64  os_mem.o(i.OS_MemInit)
    OS_QInit                                 0x00001061   Thumb Code    56  os_q.o(i.OS_QInit)
    OS_Sched                                 0x000010a1   Thumb Code    64  os_core.o(i.OS_Sched)
    OS_TCBInit                               0x00001109   Thumb Code   236  os_core.o(i.OS_TCBInit)
    OS_TaskIdle                              0x00001201   Thumb Code    24  os_core.o(i.OS_TaskIdle)
    OS_TaskReturn                            0x0000121d   Thumb Code    20  os_task.o(i.OS_TaskReturn)
    OS_TaskStat                              0x00001235   Thumb Code    82  os_core.o(i.OS_TaskStat)
    OS_TaskStatStkChk                        0x0000128d   Thumb Code    50  os_core.o(i.OS_TaskStatStkChk)
    OS_TaskStkClr                            0x000012c5   Thumb Code    22  os_task.o(i.OS_TaskStkClr)
    SysTick_Handler                          0x000012dd   Thumb Code    30  os_cpu_c.o(i.SysTick_Handler)
    SystemInit                               0x00001301   Thumb Code   184  system_lpc17xx.o(i.SystemInit)
    __scatterload_copy                       0x000013c5   Thumb Code    14  handlers.o(i.__scatterload_copy)
    __scatterload_null                       0x000013d3   Thumb Code     2  handlers.o(i.__scatterload_null)
    __scatterload_zeroinit                   0x000013d5   Thumb Code    14  handlers.o(i.__scatterload_zeroinit)
    c_entry                                  0x000013e5   Thumb Code    26  main.o(i.c_entry)
    main                                     0x00001409   Thumb Code     4  main.o(i.main)
    OSUnMapTbl                               0x0000140c   Data         256  os_core.o(.constdata)
    Region$$Table$$Base                      0x0000150c   Number         0  anon$$obj.o(Region$$Table)
    Region$$Table$$Limit                     0x0000153c   Number         0  anon$$obj.o(Region$$Table)
    OSCPUUsage                               0x10000004   Data           1  os_core.o(.data)
    OSStatRdy                                0x10000005   Data           1  os_core.o(.data)
    OSIntNesting                             0x10000006   Data           1  os_core.o(.data)
    OSLockNesting                            0x10000007   Data           1  os_core.o(.data)
    OSPrioCur                                0x10000008   Data           1  os_core.o(.data)
    OSPrioHighRdy                            0x10000009   Data           1  os_core.o(.data)
    OSRdyGrp                                 0x1000000a   Data           1  os_core.o(.data)
    OSRunning                                0x1000000b   Data           1  os_core.o(.data)
    OSTaskCtr                                0x1000000c   Data           1  os_core.o(.data)
    OSTickStepState                          0x1000000d   Data           1  os_core.o(.data)
    OSCtxSwCtr                               0x10000010   Data           4  os_core.o(.data)
    OSEventFreeList                          0x10000014   Data           4  os_core.o(.data)
    OSIdleCtrMax                             0x10000018   Data           4  os_core.o(.data)
    OSIdleCtrRun                             0x1000001c   Data           4  os_core.o(.data)
    OSIdleCtr                                0x10000020   Data           4  os_core.o(.data)
    OSTCBCur                                 0x10000024   Data           4  os_core.o(.data)
    OSTCBFreeList                            0x10000028   Data           4  os_core.o(.data)
    OSTCBHighRdy                             0x1000002c   Data           4  os_core.o(.data)
    OSTCBList                                0x10000030   Data           4  os_core.o(.data)
    OSTime                                   0x10000034   Data           4  os_core.o(.data)
    OSRdyTbl                                 0x10000038   Data           8  os_core.o(.data)
    OSFlagFreeList                           0x10000040   Data           4  os_core.o(.data)
    OSMemFreeList                            0x10000044   Data           4  os_core.o(.data)
    OSQFreeList                              0x10000048   Data           4  os_core.o(.data)
    OSTmrFree                                0x1000004c   Data           2  os_core.o(.data)
    OSTmrUsed                                0x1000004e   Data           2  os_core.o(.data)
    OSTmrTime                                0x10000050   Data           4  os_core.o(.data)
    OSTmrSem                                 0x10000054   Data           4  os_core.o(.data)
    OSTmrSemSignal                           0x10000058   Data           4  os_core.o(.data)
    OSTmrFreeList                            0x1000005c   Data           4  os_core.o(.data)
    OSFlagTbl                                0x100003f8   Data          80  os_core.o(.bss)
    OSMemTbl                                 0x10000448   Data         120  os_core.o(.bss)
    OSQTbl                                   0x100004c0   Data          96  os_core.o(.bss)
    OSTmrTbl                                 0x10000520   Data         640  os_core.o(.bss)
    OSTmrTaskStk                             0x100007a0   Data         256  os_core.o(.bss)
    OSTmrWheelTbl                            0x100008a0   Data          64  os_core.o(.bss)
    __initial_sp                             0x10000ae0   Data           0  startup_lpc17xx.o(STACK)
    OSEventTbl                               0x2007c000   Data         480  os_core.o(.bss)
    OSTaskStatStk                            0x2007c1e0   Data         256  os_core.o(.bss)
    OSTaskIdleStk                            0x2007c2e0   Data         128  os_core.o(.bss)
    OSTCBPrioTbl                             0x2007c360   Data         256  os_core.o(.bss)
    OSTCBTbl                                 0x2007c460   Data        1936  os_core.o(.bss)



==============================================================================

Memory Map of the image

  Image Entry point : 0x000000cd

  Load Region LR_IROM1 (Base: 0x00000000, Size: 0x0000159c, Max: 0x00080000, ABSOLUTE)

    Execution Region ER_IROM1 (Base: 0x00000000, Size: 0x0000153c, Max: 0x00080000, ABSOLUTE)

    Base Addr    Size         Type   Attr      Idx    E Section Name        Object

    0x00000000   0x000000cc   Data   RO           56    RESET               startup_lpc17xx.o
    0x000000cc   0x00000000   Code   RO         3080  * .ARM.Collect$$$$00000000  mc_w.l(entry.o)
    0x000000cc   0x00000004   Code   RO         3356    .ARM.Collect$$$$00000001  mc_w.l(entry2.o)
    0x000000d0   0x00000004   Code   RO         3359    .ARM.Collect$$$$00000004  mc_w.l(entry5.o)
    0x000000d4   0x00000000   Code   RO         3361    .ARM.Collect$$$$00000008  mc_w.l(entry7b.o)
    0x000000d4   0x00000008   Code   RO         3362    .ARM.Collect$$$$00000009  mc_w.l(entry8.o)
    0x000000dc   0x00000004   Code   RO         3357    .ARM.Collect$$$$00002712  mc_w.l(entry2.o)
    0x000000e0   0x00000024   Code   RO           57    .text               startup_lpc17xx.o
    0x00000104   0x00000024   Code   RO         3385    .text               mc_w.l(init.o)
    0x00000128   0x000000a0   Code   RO          412    OSKernelschedular   os_cpu_a.o
    0x000001c8   0x00000006   Code   RO           62    i.AppTaskStart      main.o
    0x000001ce   0x00000002   Code   RO         1293    i.App_TCBInitHook   os_apphooks.o
    0x000001d0   0x00000002   Code   RO         1294    i.App_TaskCreateHook  os_apphooks.o
    0x000001d2   0x00000002   Code   RO         1295    i.App_TaskDelHook   os_apphooks.o
    0x000001d4   0x00000002   Code   RO         1296    i.App_TaskIdleHook  os_apphooks.o
    0x000001d6   0x00000002   Code   RO         1298    i.App_TaskStatHook  os_apphooks.o
    0x000001d8   0x00000002   Code   RO         1300    i.App_TimeTickHook  os_apphooks.o
    0x000001da   0x00000002   Code   RO          502    i.OSDebugInit       os_dbg.o
    0x000001dc   0x0000004c   Code   RO          519    i.OSEventNameSet    os_core.o
    0x00000228   0x000000e8   Code   RO          521    i.OSInit            os_core.o
    0x00000310   0x0000000c   Code   RO          415    i.OSInitHookBegin   os_cpu_c.o
    0x0000031c   0x00000002   Code   RO          416    i.OSInitHookEnd     os_cpu_c.o
    0x0000031e   0x00000002   PAD
    0x00000320   0x0000005c   Code   RO          523    i.OSIntExit         os_core.o
    0x0000037c   0x0000002c   Code   RO          524    i.OSSchedLock       os_core.o
    0x000003a8   0x0000003c   Code   RO          525    i.OSSchedUnlock     os_core.o
    0x000003e4   0x0000004c   Code   RO         1027    i.OSSemCreate       os_sem.o
    0x00000430   0x000000c0   Code   RO         1029    i.OSSemPend         os_sem.o
    0x000004f0   0x00000058   Code   RO         1031    i.OSSemPost         os_sem.o
    0x00000548   0x00000030   Code   RO          526    i.OSStart           os_core.o
    0x00000578   0x00000004   Code   RO          417    i.OSTCBInitHook     os_cpu_c.o
    0x0000057c   0x00000090   Code   RO         1081    i.OSTaskCreate      os_task.o
    0x0000060c   0x000000a4   Code   RO         1082    i.OSTaskCreateExt   os_task.o
    0x000006b0   0x00000004   Code   RO          418    i.OSTaskCreateHook  os_cpu_c.o
    0x000006b4   0x00000150   Code   RO         1083    i.OSTaskDel         os_task.o
    0x00000804   0x00000004   Code   RO          419    i.OSTaskDelHook     os_cpu_c.o
    0x00000808   0x00000004   Code   RO          420    i.OSTaskIdleHook    os_cpu_c.o
    0x0000080c   0x0000006c   Code   RO         1086    i.OSTaskNameSet     os_task.o
    0x00000878   0x00000002   Code   RO         1301    i.OSTaskReturnHook  os_apphooks.o
    0x0000087a   0x00000004   Code   RO          421    i.OSTaskStatHook    os_cpu_c.o
    0x0000087e   0x00000002   PAD
    0x00000880   0x00000088   Code   RO         1091    i.OSTaskStkChk      os_task.o
    0x00000908   0x00000068   Code   RO          422    i.OSTaskStkInit     os_cpu_c.o
    0x00000970   0x000000b0   Code   RO         1092    i.OSTaskSuspend     os_task.o
    0x00000a20   0x0000006c   Code   RO         1176    i.OSTimeDly         os_time.o
    0x00000a8c   0x000000ac   Code   RO          528    i.OSTimeTick        os_core.o
    0x00000b38   0x00000028   Code   RO          424    i.OSTimeTickHook    os_cpu_c.o
    0x00000b60   0x0000000c   Code   RO         1216    i.OSTmrSignal       os_tmr.o
    0x00000b6c   0x00000128   Code   RO         1221    i.OSTmr_Init        os_tmr.o
    0x00000c94   0x00000048   Code   RO         1222    i.OSTmr_Link        os_tmr.o
    0x00000cdc   0x00000078   Code   RO         1223    i.OSTmr_Task        os_tmr.o
    0x00000d54   0x00000040   Code   RO         1224    i.OSTmr_Unlink      os_tmr.o
    0x00000d94   0x00000002   Code   RO          530    i.OS_Dummy          os_core.o
    0x00000d96   0x00000002   PAD
    0x00000d98   0x00000078   Code   RO          531    i.OS_EventTaskRdy   os_core.o
    0x00000e10   0x00000024   Code   RO          532    i.OS_EventTaskRemove  os_core.o
    0x00000e34   0x00000030   Code   RO          533    i.OS_EventTaskRemoveMulti  os_core.o
    0x00000e64   0x00000054   Code   RO          534    i.OS_EventTaskWait  os_core.o
    0x00000eb8   0x00000014   Code   RO          536    i.OS_EventWaitListInit  os_core.o
    0x00000ecc   0x0000004c   Code   RO          733    i.OS_FlagInit       os_flag.o
    0x00000f18   0x00000020   Code   RO          735    i.OS_FlagUnlink     os_flag.o
    0x00000f38   0x00000058   Code   RO          537    i.OS_InitEventList  os_core.o
    0x00000f90   0x00000070   Code   RO          538    i.OS_InitTCBList    os_core.o
    0x00001000   0x00000012   Code   RO          539    i.OS_MemClr         os_core.o
    0x00001012   0x00000002   PAD
    0x00001014   0x0000004c   Code   RO          865    i.OS_MemInit        os_mem.o
    0x00001060   0x00000040   Code   RO          964    i.OS_QInit          os_q.o
    0x000010a0   0x00000048   Code   RO          541    i.OS_Sched          os_core.o
    0x000010e8   0x00000020   Code   RO          542    i.OS_SchedNew       os_core.o
    0x00001108   0x000000f8   Code   RO          544    i.OS_TCBInit        os_core.o
    0x00001200   0x0000001c   Code   RO          545    i.OS_TaskIdle       os_core.o
    0x0000121c   0x00000018   Code   RO         1093    i.OS_TaskReturn     os_task.o
    0x00001234   0x00000058   Code   RO          546    i.OS_TaskStat       os_core.o
    0x0000128c   0x00000038   Code   RO          547    i.OS_TaskStatStkChk  os_core.o
    0x000012c4   0x00000016   Code   RO         1094    i.OS_TaskStkClr     os_task.o
    0x000012da   0x00000002   PAD
    0x000012dc   0x00000024   Code   RO          426    i.SysTick_Handler   os_cpu_c.o
    0x00001300   0x000000c4   Code   RO           14    i.SystemInit        system_lpc17xx.o
    0x000013c4   0x0000000e   Code   RO         3395    i.__scatterload_copy  mc_w.l(handlers.o)
    0x000013d2   0x00000002   Code   RO         3396    i.__scatterload_null  mc_w.l(handlers.o)
    0x000013d4   0x0000000e   Code   RO         3397    i.__scatterload_zeroinit  mc_w.l(handlers.o)
    0x000013e2   0x00000002   PAD
    0x000013e4   0x00000024   Code   RO           63    i.c_entry           main.o
    0x00001408   0x00000004   Code   RO           64    i.main              main.o
    0x0000140c   0x00000100   Data   RO          555    .constdata          os_core.o
    0x0000150c   0x00000030   Data   RO         3393    Region$$Table       anon$$obj.o


    Execution Region RW_IRAM1 (Base: 0x10000000, Size: 0x00000ae0, Max: 0x00007fa0, ABSOLUTE)

    Base Addr    Size         Type   Attr      Idx    E Section Name        Object

    0x10000000   0x00000002   Data   RW          427    .data               os_cpu_c.o
    0x10000002   0x00000002   PAD
    0x10000004   0x0000003c   Data   RW          556    .data               os_core.o
    0x10000040   0x00000004   Data   RW          557    .data               os_core.o
    0x10000044   0x00000004   Data   RW          558    .data               os_core.o
    0x10000048   0x00000004   Data   RW          559    .data               os_core.o
    0x1000004c   0x00000002   Data   RW          560    .data               os_core.o
    0x1000004e   0x00000002   Data   RW          561    .data               os_core.o
    0x10000050   0x00000004   Data   RW          562    .data               os_core.o
    0x10000054   0x00000004   Data   RW          563    .data               os_core.o
    0x10000058   0x00000004   Data   RW          564    .data               os_core.o
    0x1000005c   0x00000004   Data   RW          565    .data               os_core.o
    0x10000060   0x00000398   Zero   RW           65    .bss                main.o
    0x100003f8   0x00000050   Zero   RW          549    .bss                os_core.o
    0x10000448   0x00000078   Zero   RW          550    .bss                os_core.o
    0x100004c0   0x00000060   Zero   RW          551    .bss                os_core.o
    0x10000520   0x00000280   Zero   RW          552    .bss                os_core.o
    0x100007a0   0x00000100   Zero   RW          553    .bss                os_core.o
    0x100008a0   0x00000040   Zero   RW          554    .bss                os_core.o
    0x100008e0   0x00000200   Zero   RW           54    STACK               startup_lpc17xx.o


    Execution Region RW_IRAM2 (Base: 0x2007c000, Size: 0x00000bf0, Max: 0x00008000, ABSOLUTE)

    Base Addr    Size         Type   Attr      Idx    E Section Name        Object

    0x2007c000   0x00000bf0   Zero   RW          548    .bss                os_core.o


==============================================================================

Image component sizes


      Code (inc. data)   RO Data    RW Data    ZI Data      Debug   Object Name

         0          0          0          0          0       1444   core_cm3.o
        46         10          0          0        920      10940   main.o
        14          0          0          0          0       2825   os_apphooks.o
      1776        188        256         92       4312      22250   os_core.o
       160         28          0          0          0        332   os_cpu_a.o
       214         22          0          2          0      15337   os_cpu_c.o
         2          0          0          0          0        458   os_dbg.o
       108         14          0          0          0       1498   os_flag.o
        76         12          0          0          0        513   os_mem.o
        64          8          0          0          0        567   os_q.o
       356         26          0          0          0       2386   os_sem.o
      1110        112          0          0          0       6812   os_task.o
       108         20          0          0          0        624   os_time.o
       564        134          0          0          0       3431   os_tmr.o
        36          8        204          0        512        844   startup_lpc17xx.o
       196         12          0          0          0        665   system_lpc17xx.o

    ----------------------------------------------------------------------
      4840        594        508         96       5744      70926   Object Totals
         0          0         48          0          0          0   (incl. Generated)
        10          0          0          2          0          0   (incl. Padding)

    ----------------------------------------------------------------------

      Code (inc. data)   RO Data    RW Data    ZI Data      Debug   Library Member Name

         0          0          0          0          0          0   entry.o
         8          4          0          0          0          0   entry2.o
         4          0          0          0          0          0   entry5.o
         0          0          0          0          0          0   entry7b.o
         8          4          0          0          0          0   entry8.o
        30          0          0          0          0          0   handlers.o
        36          8          0          0          0         68   init.o

    ----------------------------------------------------------------------
        88         16          0          0          0         68   Library Totals
         2          0          0          0          0          0   (incl. Padding)

    ----------------------------------------------------------------------

      Code (inc. data)   RO Data    RW Data    ZI Data      Debug   Library Name

        86         16          0          0          0         68   mc_w.l

    ----------------------------------------------------------------------
        88         16          0          0          0         68   Library Totals

    ----------------------------------------------------------------------

==============================================================================


      Code (inc. data)   RO Data    RW Data    ZI Data      Debug   

      4928        610        508         96       5744      67874   Grand Totals
      4928        610        508         96       5744      67874   ELF Image Totals
      4928        610        508         96          0          0   ROM Totals

==============================================================================

    Total RO  Size (Code + RO Data)                 5436 (   5.31kB)
    Total RW  Size (RW Data + ZI Data)              5840 (   5.70kB)
    Total ROM Size (Code + RO Data + RW Data)       5532 (   5.40kB)

==============================================================================

