<html>
<body>
<pre>
<h1>礦ision Build Log</h1>
<h2>Project:</h2>
E:\学习\嵌入式项目开发\LPC1768lib\StdProject\MDK-ARM\LPC1768.uvproj
Project File Date:  08/19/2013

<h2>Output:</h2>
Build target 'LPC1768Low'
compiling main.c...
compiling App.c...
compiling AppTcpIP.c...
compiling AppGlobal.c...
compiling RTCTime.c...
compiling IAP.c...
compiling AppDebug.c...
compiling OS_AppHooks.c...
compiling emac.c...
compiling lpc17xx_emac.c...
linking...
Program Size: Code=4928 RO-data=508 RW-data=96 ZI-data=5744  
FromELF: creating hex file...
User command #2: fromelf --bin   ./Obj/LPC1768.axf  --output=./Bins/low.bin
".\Obj\LPC1768.axf" - 0 Error(s), 0 Warning(s).
Build target 'LPC1768Low'
compiling main.c...
compiling RTCTime.c...
linking...
Program Size: Code=4928 RO-data=508 RW-data=96 ZI-data=5744  
FromELF: creating hex file...
User command #2: fromelf --bin   ./Obj/LPC1768.axf  --output=./Bins/low.bin
".\Obj\LPC1768.axf" - 0 Error(s), 0 Warning(s).
Build target 'LPC1768Low'
compiling main.c...
compiling AppGlobal.c...
compiling RTCTime.c...
compiling emac.c...
linking...
Program Size: Code=4928 RO-data=508 RW-data=96 ZI-data=5744  
FromELF: creating hex file...
User command #2: fromelf --bin   ./Obj/LPC1768.axf  --output=./Bins/low.bin
".\Obj\LPC1768.axf" - 0 Error(s), 0 Warning(s).
Build target 'LPC1768Low'
compiling main.c...
compiling App.c...
compiling AppTcpIP.c...
compiling AppGlobal.c...
compiling RTCTime.c...
compiling IAP.c...
compiling AppDebug.c...
compiling OS_AppHooks.c...
compiling emac.c...
compiling lpc17xx_emac.c...
linking...
Program Size: Code=4928 RO-data=508 RW-data=96 ZI-data=5744  
FromELF: creating hex file...
User command #2: fromelf --bin   ./Obj/LPC1768.axf  --output=./Bins/low.bin
".\Obj\LPC1768.axf" - 0 Error(s), 0 Warning(s).
Build target 'LPC1768Low'
compiling main.c...
compiling App.c...
compiling AppTcpIP.c...
compiling AppGlobal.c...
compiling RTCTime.c...
compiling IAP.c...
compiling AppDebug.c...
compiling OS_AppHooks.c...
compiling emac.c...
compiling lpc17xx_emac.c...
linking...
Program Size: Code=4928 RO-data=508 RW-data=96 ZI-data=5744  
FromELF: creating hex file...
User command #2: fromelf --bin   ./Obj/LPC1768.axf  --output=./Bins/low.bin
".\Obj\LPC1768.axf" - 0 Error(s), 0 Warning(s).
Build target 'LPC1768Low'
compiling main.c...
compiling App.c...
compiling AppTcpIP.c...
compiling AppGlobal.c...
compiling RTCTime.c...
compiling IAP.c...
compiling AppDebug.c...
compiling OS_AppHooks.c...
compiling emac.c...
compiling lpc17xx_emac.c...
linking...
Program Size: Code=4928 RO-data=508 RW-data=96 ZI-data=5744  
FromELF: creating hex file...
User command #2: fromelf --bin   ./Obj/LPC1768.axf  --output=./Bins/low.bin
".\Obj\LPC1768.axf" - 0 Error(s), 0 Warning(s).
